Archive member included to satisfy reference by file (symbol)

/opt/Atollic_TrueSTUDIO_for_STM32_x86_64_9.3.0/ARMTools/bin/../lib/gcc/arm-atollic-eabi/6.3.1/../../../../arm-atollic-eabi/lib/armv7-m/libstdc++.a(si_class_type_info.o)
                              ProjectLibraries/CSystem/CSystem.o (vtable for __cxxabiv1::__si_class_type_info)
/opt/Atollic_TrueSTUDIO_for_STM32_x86_64_9.3.0/ARMTools/bin/../lib/gcc/arm-atollic-eabi/6.3.1/../../../../arm-atollic-eabi/lib/armv7-m/libstdc++.a(del_op.o)
                              ProjectLibraries/CSystem/CSystem.o (operator delete(void*))
/opt/Atollic_TrueSTUDIO_for_STM32_x86_64_9.3.0/ARMTools/bin/../lib/gcc/arm-atollic-eabi/6.3.1/../../../../arm-atollic-eabi/lib/armv7-m/libstdc++.a(pure.o)
                              ProjectLibraries/CSystem/CSystem.o (__cxa_pure_virtual)
/opt/Atollic_TrueSTUDIO_for_STM32_x86_64_9.3.0/ARMTools/bin/../lib/gcc/arm-atollic-eabi/6.3.1/../../../../arm-atollic-eabi/lib/armv7-m/libstdc++.a(eh_terminate.o)
                              /opt/Atollic_TrueSTUDIO_for_STM32_x86_64_9.3.0/ARMTools/bin/../lib/gcc/arm-atollic-eabi/6.3.1/../../../../arm-atollic-eabi/lib/armv7-m/libstdc++.a(pure.o) (std::terminate())
/opt/Atollic_TrueSTUDIO_for_STM32_x86_64_9.3.0/ARMTools/bin/../lib/gcc/arm-atollic-eabi/6.3.1/../../../../arm-atollic-eabi/lib/armv7-m/libstdc++.a(eh_arm.o)
                              /opt/Atollic_TrueSTUDIO_for_STM32_x86_64_9.3.0/ARMTools/bin/../lib/gcc/arm-atollic-eabi/6.3.1/../../../../arm-atollic-eabi/lib/armv7-m/libstdc++.a(eh_terminate.o) (__cxa_end_cleanup)
/opt/Atollic_TrueSTUDIO_for_STM32_x86_64_9.3.0/ARMTools/bin/../lib/gcc/arm-atollic-eabi/6.3.1/../../../../arm-atollic-eabi/lib/armv7-m/libstdc++.a(eh_personality.o)
                              /opt/Atollic_TrueSTUDIO_for_STM32_x86_64_9.3.0/ARMTools/bin/../lib/gcc/arm-atollic-eabi/6.3.1/../../../../arm-atollic-eabi/lib/armv7-m/libstdc++.a(eh_terminate.o) (__gxx_personality_v0)
/opt/Atollic_TrueSTUDIO_for_STM32_x86_64_9.3.0/ARMTools/bin/../lib/gcc/arm-atollic-eabi/6.3.1/../../../../arm-atollic-eabi/lib/armv7-m/libstdc++.a(eh_term_handler.o)
                              /opt/Atollic_TrueSTUDIO_for_STM32_x86_64_9.3.0/ARMTools/bin/../lib/gcc/arm-atollic-eabi/6.3.1/../../../../arm-atollic-eabi/lib/armv7-m/libstdc++.a(eh_terminate.o) (__cxxabiv1::__terminate_handler)
/opt/Atollic_TrueSTUDIO_for_STM32_x86_64_9.3.0/ARMTools/bin/../lib/gcc/arm-atollic-eabi/6.3.1/../../../../arm-atollic-eabi/lib/armv7-m/libstdc++.a(del_ops.o)
                              /opt/Atollic_TrueSTUDIO_for_STM32_x86_64_9.3.0/ARMTools/bin/../lib/gcc/arm-atollic-eabi/6.3.1/../../../../arm-atollic-eabi/lib/armv7-m/libstdc++.a(si_class_type_info.o) (operator delete(void*, unsigned int))
/opt/Atollic_TrueSTUDIO_for_STM32_x86_64_9.3.0/ARMTools/bin/../lib/gcc/arm-atollic-eabi/6.3.1/../../../../arm-atollic-eabi/lib/armv7-m/libstdc++.a(class_type_info.o)
                              /opt/Atollic_TrueSTUDIO_for_STM32_x86_64_9.3.0/ARMTools/bin/../lib/gcc/arm-atollic-eabi/6.3.1/../../../../arm-atollic-eabi/lib/armv7-m/libstdc++.a(si_class_type_info.o) (__cxxabiv1::__class_type_info::__do_upcast(__cxxabiv1::__class_type_info const*, void**) const)
/opt/Atollic_TrueSTUDIO_for_STM32_x86_64_9.3.0/ARMTools/bin/../lib/gcc/arm-atollic-eabi/6.3.1/../../../../arm-atollic-eabi/lib/armv7-m/libstdc++.a(eh_unex_handler.o)
                              /opt/Atollic_TrueSTUDIO_for_STM32_x86_64_9.3.0/ARMTools/bin/../lib/gcc/arm-atollic-eabi/6.3.1/../../../../arm-atollic-eabi/lib/armv7-m/libstdc++.a(eh_terminate.o) (__cxxabiv1::__unexpected_handler)
/opt/Atollic_TrueSTUDIO_for_STM32_x86_64_9.3.0/ARMTools/bin/../lib/gcc/arm-atollic-eabi/6.3.1/../../../../arm-atollic-eabi/lib/armv7-m/libstdc++.a(tinfo.o)
                              /opt/Atollic_TrueSTUDIO_for_STM32_x86_64_9.3.0/ARMTools/bin/../lib/gcc/arm-atollic-eabi/6.3.1/../../../../arm-atollic-eabi/lib/armv7-m/libstdc++.a(class_type_info.o) (std::type_info::~type_info())
/opt/Atollic_TrueSTUDIO_for_STM32_x86_64_9.3.0/ARMTools/bin/../lib/gcc/arm-atollic-eabi/6.3.1/../../../../arm-atollic-eabi/lib/armv7-m/libstdc++.a(eh_exception.o)
                              /opt/Atollic_TrueSTUDIO_for_STM32_x86_64_9.3.0/ARMTools/bin/../lib/gcc/arm-atollic-eabi/6.3.1/../../../../arm-atollic-eabi/lib/armv7-m/libstdc++.a(eh_arm.o) (typeinfo for __cxxabiv1::__forced_unwind)
/opt/Atollic_TrueSTUDIO_for_STM32_x86_64_9.3.0/ARMTools/bin/../lib/gcc/arm-atollic-eabi/6.3.1/../../../../arm-atollic-eabi/lib/armv7-m/libstdc++.a(vterminate.o)
                              /opt/Atollic_TrueSTUDIO_for_STM32_x86_64_9.3.0/ARMTools/bin/../lib/gcc/arm-atollic-eabi/6.3.1/../../../../arm-atollic-eabi/lib/armv7-m/libstdc++.a(eh_term_handler.o) (__gnu_cxx::__verbose_terminate_handler())
/opt/Atollic_TrueSTUDIO_for_STM32_x86_64_9.3.0/ARMTools/bin/../lib/gcc/arm-atollic-eabi/6.3.1/../../../../arm-atollic-eabi/lib/armv7-m/libstdc++.a(eh_call.o)
[...]
Memory Configuration

Name             Origin             Length             Attributes
RAM              0x0000000020000000 0x0000000000010000 xrw
FLASH            0x0000000008000000 0x0000000000040000 xr
*default*        0x0000000000000000 0xffffffffffffffff

Linker script and memory map

LOAD /opt/Atollic_TrueSTUDIO_for_STM32_x86_64_9.3.0/ARMTools/bin/../lib/gcc/arm-atollic-eabi/6.3.1/armv7-m/crti.o
LOAD /opt/Atollic_TrueSTUDIO_for_STM32_x86_64_9.3.0/ARMTools/bin/../lib/gcc/arm-atollic-eabi/6.3.1/armv7-m/crtbegin.o
LOAD Drivers/STM32F1xx_HAL_Driver/Src/Legacy/stm32f1xx_hal_can.o
LOAD Drivers/STM32F1xx_HAL_Driver/Src/stm32f1xx_hal.o
LOAD Drivers/STM32F1xx_HAL_Driver/Src/stm32f1xx_hal_adc.o
LOAD Drivers/STM32F1xx_HAL_Driver/Src/stm32f1xx_hal_adc_ex.o
LOAD Drivers/STM32F1xx_HAL_Driver/Src/stm32f1xx_hal_can.o
LOAD Drivers/STM32F1xx_HAL_Driver/Src/stm32f1xx_hal_cec.o
LOAD Drivers/STM32F1xx_HAL_Driver/Src/stm32f1xx_hal_cortex.o
LOAD Drivers/STM32F1xx_HAL_Driver/Src/stm32f1xx_hal_crc.o
LOAD Drivers/STM32F1xx_HAL_Driver/Src/stm32f1xx_hal_dac.o
LOAD Drivers/STM32F1xx_HAL_Driver/Src/stm32f1xx_hal_dac_ex.o
LOAD Drivers/STM32F1xx_HAL_Driver/Src/stm32f1xx_hal_dma.o
LOAD Drivers/STM32F1xx_HAL_Driver/Src/stm32f1xx_hal_eth.o
LOAD Drivers/STM32F1xx_HAL_Driver/Src/stm32f1xx_hal_exti.o
LOAD Drivers/STM32F1xx_HAL_Driver/Src/stm32f1xx_hal_flash.o
LOAD Drivers/STM32F1xx_HAL_Driver/Src/stm32f1xx_hal_flash_ex.o
LOAD Drivers/STM32F1xx_HAL_Driver/Src/stm32f1xx_hal_gpio.o
LOAD Drivers/STM32F1xx_HAL_Driver/Src/stm32f1xx_hal_gpio_ex.o
LOAD Drivers/STM32F1xx_HAL_Driver/Src/stm32f1xx_hal_hcd.o
LOAD Drivers/STM32F1xx_HAL_Driver/Src/stm32f1xx_hal_i2c.o
LOAD Drivers/STM32F1xx_HAL_Driver/Src/stm32f1xx_hal_i2s.o
LOAD Drivers/STM32F1xx_HAL_Driver/Src/stm32f1xx_hal_irda.o
LOAD Drivers/STM32F1xx_HAL_Driver/Src/stm32f1xx_hal_iwdg.o
LOAD Drivers/STM32F1xx_HAL_Driver/Src/stm32f1xx_hal_mmc.o
LOAD Drivers/STM32F1xx_HAL_Driver/Src/stm32f1xx_hal_msp_template.o
LOAD Drivers/STM32F1xx_HAL_Driver/Src/stm32f1xx_hal_nand.o
LOAD Drivers/STM32F1xx_HAL_Driver/Src/stm32f1xx_hal_nor.o
LOAD Drivers/STM32F1xx_HAL_Driver/Src/stm32f1xx_hal_pccard.o
LOAD Drivers/STM32F1xx_HAL_Driver/Src/stm32f1xx_hal_pcd.o
LOAD Drivers/STM32F1xx_HAL_Driver/Src/stm32f1xx_hal_pcd_ex.o
LOAD Drivers/STM32F1xx_HAL_Driver/Src/stm32f1xx_hal_pwr.o
LOAD Drivers/STM32F1xx_HAL_Driver/Src/stm32f1xx_hal_rcc.o
LOAD Drivers/STM32F1xx_HAL_Driver/Src/stm32f1xx_hal_rcc_ex.o
LOAD Drivers/STM32F1xx_HAL_Driver/Src/stm32f1xx_hal_rtc.o
LOAD Drivers/STM32F1xx_HAL_Driver/Src/stm32f1xx_hal_rtc_ex.o
LOAD Drivers/STM32F1xx_HAL_Driver/Src/stm32f1xx_hal_sd.o
LOAD Drivers/STM32F1xx_HAL_Driver/Src/stm32f1xx_hal_smartcard.o
LOAD Drivers/STM32F1xx_HAL_Driver/Src/stm32f1xx_hal_spi.o
LOAD Drivers/STM32F1xx_HAL_Driver/Src/stm32f1xx_hal_sram.o
LOAD Drivers/STM32F1xx_HAL_Driver/Src/stm32f1xx_hal_tim.o
LOAD Drivers/STM32F1xx_HAL_Driver/Src/stm32f1xx_hal_tim_ex.o
LOAD Drivers/STM32F1xx_HAL_Driver/Src/stm32f1xx_hal_timebase_rtc_alarm_template.o
LOAD Drivers/STM32F1xx_HAL_Driver/Src/stm32f1xx_hal_uart.o
LOAD Drivers/STM32F1xx_HAL_Driver/Src/stm32f1xx_hal_usart.o
LOAD Drivers/STM32F1xx_HAL_Driver/Src/stm32f1xx_hal_wwdg.o
LOAD Drivers/STM32F1xx_HAL_Driver/Src/stm32f1xx_ll_adc.o
LOAD Drivers/STM32F1xx_HAL_Driver/Src/stm32f1xx_ll_crc.o
LOAD Drivers/STM32F1xx_HAL_Driver/Src/stm32f1xx_ll_dac.o
LOAD Drivers/STM32F1xx_HAL_Driver/Src/stm32f1xx_ll_dma.o
LOAD Drivers/STM32F1xx_HAL_Driver/Src/stm32f1xx_ll_exti.o
LOAD Drivers/STM32F1xx_HAL_Driver/Src/stm32f1xx_ll_fsmc.o
LOAD Drivers/STM32F1xx_HAL_Driver/Src/stm32f1xx_ll_gpio.o
LOAD Drivers/STM32F1xx_HAL_Driver/Src/stm32f1xx_ll_i2c.o
LOAD Drivers/STM32F1xx_HAL_Driver/Src/stm32f1xx_ll_pwr.o
LOAD Drivers/STM32F1xx_HAL_Driver/Src/stm32f1xx_ll_rcc.o
LOAD Drivers/STM32F1xx_HAL_Driver/Src/stm32f1xx_ll_rtc.o
LOAD Drivers/STM32F1xx_HAL_Driver/Src/stm32f1xx_ll_sdmmc.o
LOAD Drivers/STM32F1xx_HAL_Driver/Src/stm32f1xx_ll_spi.o
LOAD Drivers/STM32F1xx_HAL_Driver/Src/stm32f1xx_ll_tim.o
LOAD Drivers/STM32F1xx_HAL_Driver/Src/stm32f1xx_ll_usart.o
LOAD Drivers/STM32F1xx_HAL_Driver/Src/stm32f1xx_ll_usb.o
LOAD Drivers/STM32F1xx_HAL_Driver/Src/stm32f1xx_ll_utils.o
LOAD ProjectLibraries/CSystem/CSystem.o
LOAD Src/main.o
LOAD Src/stm32f1xx_it.o
LOAD Src/syscalls.o
LOAD Src/system_stm32f1xx.o
LOAD startup/startup_stm32f105xc.o
                0x0000000000001000                malloc_getpagesize_P = 0x1000
START GROUP
LOAD /opt/Atollic_TrueSTUDIO_for_STM32_x86_64_9.3.0/ARMTools/bin/../lib/gcc/arm-atollic-eabi/6.3.1/../../../../arm-atollic-eabi/lib/armv7-m/libstdc++.a
LOAD /opt/Atollic_TrueSTUDIO_for_STM32_x86_64_9.3.0/ARMTools/bin/../lib/gcc/arm-atollic-eabi/6.3.1/../../../../arm-atollic-eabi/lib/armv7-m/libsupc++.a
END GROUP
LOAD /opt/Atollic_TrueSTUDIO_for_STM32_x86_64_9.3.0/ARMTools/bin/../lib/gcc/arm-atollic-eabi/6.3.1/../../../../arm-atollic-eabi/lib/armv7-m/libstdc++.a
LOAD /opt/Atollic_TrueSTUDIO_for_STM32_x86_64_9.3.0/ARMTools/bin/../lib/gcc/arm-atollic-eabi/6.3.1/../../../../arm-atollic-eabi/lib/armv7-m/libm.a
LOAD /opt/Atollic_TrueSTUDIO_for_STM32_x86_64_9.3.0/ARMTools/bin/../lib/gcc/arm-atollic-eabi/6.3.1/../../../../arm-atollic-eabi/lib/armv7-m/libc.a
START GROUP
LOAD /opt/Atollic_TrueSTUDIO_for_STM32_x86_64_9.3.0/ARMTools/bin/../lib/gcc/arm-atollic-eabi/6.3.1/armv7-m/libgcc.a
LOAD /opt/Atollic_TrueSTUDIO_for_STM32_x86_64_9.3.0/ARMTools/bin/../lib/gcc/arm-atollic-eabi/6.3.1/../../../../arm-atollic-eabi/lib/armv7-m/libc.a
END GROUP
START GROUP
LOAD /opt/Atollic_TrueSTUDIO_for_STM32_x86_64_9.3.0/ARMTools/bin/../lib/gcc/arm-atollic-eabi/6.3.1/armv7-m/libgcc.a
LOAD /opt/Atollic_TrueSTUDIO_for_STM32_x86_64_9.3.0/ARMTools/bin/../lib/gcc/arm-atollic-eabi/6.3.1/../../../../arm-atollic-eabi/lib/armv7-m/libc.a
LOAD /opt/Atollic_TrueSTUDIO_for_STM32_x86_64_9.3.0/ARMTools/bin/../lib/gcc/arm-atollic-eabi/6.3.1/../../../../arm-atollic-eabi/lib/armv7-m/libnosys.a
END GROUP
LOAD /opt/Atollic_TrueSTUDIO_for_STM32_x86_64_9.3.0/ARMTools/bin/../lib/gcc/arm-atollic-eabi/6.3.1/armv7-m/crtend.o
LOAD /opt/Atollic_TrueSTUDIO_for_STM32_x86_64_9.3.0/ARMTools/bin/../lib/gcc/arm-atollic-eabi/6.3.1/armv7-m/crtn.o
                0x0000000020010000                _estack = 0x20010000
                0x0000000000000200                _Min_Heap_Size = 0x200
                0x0000000000000400                _Min_Stack_Size = 0x400

.isr_vector     0x0000000008000000      0x1e4
                0x0000000008000000                . = ALIGN (0x4)
 *(.isr_vector)
 .isr_vector    0x0000000008000000      0x1e4 startup/startup_stm32f105xc.o
                0x0000000008000000                g_pfnVectors
                0x00000000080001e4                . = ALIGN (0x4)

.text           0x00000000080001e8     0xdfa0
                0x00000000080001e8                . = ALIGN (0x4)
 *(.text)
 .text          0x00000000080001e8       0x40 /opt/Atollic_TrueSTUDIO_for_STM32_x86_64_9.3.0/ARMTools/bin/../lib/gcc/arm-atollic-eabi/6.3.1/armv7-m/crtbegin.o
 .text          0x0000000008000228     0x6698 /opt/Atollic_TrueSTUDIO_for_STM32_x86_64_9.3.0/ARMTools/bin/../lib/gcc/arm-atollic-eabi/6.3.1/../../../../arm-atollic-eabi/lib/armv7-m/libstdc++.a(cp-demangle.o)
                0x00000000080067e4                __cxa_demangle
                0x000000000800689c                __gcclibcxx_demangle_callback
 .text          0x00000000080068c0       0x14 /opt/Atollic_TrueSTUDIO_for_STM32_x86_64_9.3.0/ARMTools/bin/../lib/gcc/arm-atollic-eabi/6.3.1/../../../../arm-atollic-eabi/lib/armv7-m/libc.a(lib_a-strcmp.o)
                0x00000000080068c0                strcmp
 .text          0x00000000080068d4       0x10 /opt/Atollic_TrueSTUDIO_for_STM32_x86_64_9.3.0/ARMTools/bin/../lib/gcc/arm-atollic-eabi/6.3.1/../../../../arm-atollic-eabi/lib/armv7-m/libc.a(lib_a-strlen.o)
                0x00000000080068d4                strlen
 .text          0x00000000080068e4      0x370 /opt/Atollic_TrueSTUDIO_for_STM32_x86_64_9.3.0/ARMTools/bin/../lib/gcc/arm-atollic-eabi/6.3.1/armv7-m/libgcc.a(_arm_addsubdf3.o)
                0x00000000080068e4                __aeabi_drsub
                0x00000000080068ec                __aeabi_dsub
                0x00000000080068ec                __subdf3
                0x00000000080068f0                __adddf3
                0x00000000080068f0                __aeabi_dadd
                0x0000000008006b68                __aeabi_ui2d
                0x0000000008006b68                __floatunsidf
                0x0000000008006b88                __floatsidf
                0x0000000008006b88                __aeabi_i2d
                0x0000000008006bac                __extendsfdf2
                0x0000000008006bac                __aeabi_f2d
                0x0000000008006be8                __aeabi_ul2d
                0x0000000008006be8                __floatundidf
                0x0000000008006bf8                __floatdidf
                0x0000000008006bf8                __aeabi_l2d
 .text          0x0000000008006c54      0x424 /opt/Atollic_TrueSTUDIO_for_STM32_x86_64_9.3.0/ARMTools/bin/../lib/gcc/arm-atollic-eabi/6.3.1/armv7-m/libgcc.a(_arm_muldivdf3.o)
                0x0000000008006c54                __aeabi_dmul
                0x0000000008006c54                __muldf3
                0x0000000008006ea8                __aeabi_ddiv
                0x0000000008006ea8                __divdf3
 .text          0x0000000008007078      0x110 /opt/Atollic_TrueSTUDIO_for_STM32_x86_64_9.3.0/ARMTools/bin/../lib/gcc/arm-atollic-eabi/6.3.1/armv7-m/libgcc.a(_arm_cmpdf2.o)
                0x0000000008007078                __gtdf2
                0x0000000008007078                __gedf2
                0x0000000008007080                __ltdf2
                0x0000000008007080                __ledf2
                0x0000000008007088                __cmpdf2
                0x0000000008007088                __eqdf2
                0x0000000008007088                __nedf2
                0x0000000008007104                __aeabi_cdrcmple
                0x0000000008007114                __aeabi_cdcmple
                0x0000000008007114                __aeabi_cdcmpeq
                0x0000000008007124                __aeabi_dcmpeq
                0x0000000008007138                __aeabi_dcmplt
                0x000000000800714c                __aeabi_dcmple
                0x0000000008007160                __aeabi_dcmpge
                0x0000000008007174                __aeabi_dcmpgt
 .text          0x0000000008007188       0x2c /opt/Atollic_TrueSTUDIO_for_STM32_x86_64_9.3.0/ARMTools/bin/../lib/gcc/arm-atollic-eabi/6.3.1/armv7-m/libgcc.a(_arm_unorddf2.o)
                0x0000000008007188                __aeabi_dcmpun
                0x0000000008007188                __unorddf2
 .text          0x00000000080071b4       0x50 /opt/Atollic_TrueSTUDIO_for_STM32_x86_64_9.3.0/ARMTools/bin/../lib/gcc/arm-atollic-eabi/6.3.1/armv7-m/libgcc.a(_arm_fixdfsi.o)
                0x00000000080071b4                __fixdfsi
                0x00000000080071b4                __aeabi_d2iz
 .text          0x0000000008007204       0x30 /opt/Atollic_TrueSTUDIO_for_STM32_x86_64_9.3.0/ARMTools/bin/../lib/gcc/arm-atollic-eabi/6.3.1/armv7-m/libgcc.a(_aeabi_uldivmod.o)
                0x0000000008007204                __aeabi_uldivmod
 .text          0x0000000008007234      0x2dc /opt/Atollic_TrueSTUDIO_for_STM32_x86_64_9.3.0/ARMTools/bin/../lib/gcc/arm-atollic-eabi/6.3.1/armv7-m/libgcc.a(_udivmoddi4.o)
                0x0000000008007234                __udivmoddi4
 .text          0x0000000008007510      0x9dc /opt/Atollic_TrueSTUDIO_for_STM32_x86_64_9.3.0/ARMTools/bin/../lib/gcc/arm-atollic-eabi/6.3.1/armv7-m/libgcc.a(unwind-arm.o)
                0x00000000080077d4                _Unwind_GetCFA
                0x00000000080077d8                __gnu_Unwind_RaiseException
                0x0000000008007838                __gnu_Unwind_ForcedUnwind
                0x000000000800784c                __gnu_Unwind_Resume
                0x0000000008007890                __gnu_Unwind_Resume_or_Rethrow
                0x00000000080078a4                _Unwind_Complete
                0x00000000080078a8                _Unwind_DeleteException
                0x00000000080078b4                _Unwind_VRS_Get
                0x0000000008007900                _Unwind_VRS_Set
                0x0000000008007950                __gnu_Unwind_Backtrace
                0x0000000008007c94                __aeabi_unwind_cpp_pr0
                0x0000000008007c98                __aeabi_unwind_cpp_pr1
                0x0000000008007c9c                __aeabi_unwind_cpp_pr2
                0x0000000008007ca0                _Unwind_VRS_Pop
 .text          0x0000000008007eec      0x1ac /opt/Atollic_TrueSTUDIO_for_STM32_x86_64_9.3.0/ARMTools/bin/../lib/gcc/arm-atollic-eabi/6.3.1/armv7-m/libgcc.a(libunwind.o)
                0x0000000008007eec                __restore_core_regs
                0x0000000008007eec                restore_core_regs
                0x0000000008007f04                __gnu_Unwind_Restore_VFP
                0x0000000008007f0c                __gnu_Unwind_Save_VFP
                0x0000000008007f14                __gnu_Unwind_Restore_VFP_D
                0x0000000008007f1c                __gnu_Unwind_Save_VFP_D
                0x0000000008007f24                __gnu_Unwind_Restore_VFP_D_16_to_31
                0x0000000008007f2c                __gnu_Unwind_Save_VFP_D_16_to_31
                0x0000000008007f34                __gnu_Unwind_Restore_WMMXD
                0x0000000008007f78                __gnu_Unwind_Save_WMMXD
                0x0000000008007fbc                __gnu_Unwind_Restore_WMMXC
                0x0000000008007fd0                __gnu_Unwind_Save_WMMXC
                0x0000000008007fe4                ___Unwind_RaiseException
                0x0000000008007fe4                _Unwind_RaiseException
                0x0000000008008008                ___Unwind_Resume
                0x0000000008008008                _Unwind_Resume
                0x000000000800802c                _Unwind_Resume_or_Rethrow
                0x000000000800802c                ___Unwind_Resume_or_Rethrow
                0x0000000008008050                ___Unwind_ForcedUnwind
                0x0000000008008050                _Unwind_ForcedUnwind
                0x0000000008008074                _Unwind_Backtrace
                0x0000000008008074                ___Unwind_Backtrace
 .text          0x0000000008008098      0x384 /opt/Atollic_TrueSTUDIO_for_STM32_x86_64_9.3.0/ARMTools/bin/../lib/gcc/arm-atollic-eabi/6.3.1/armv7-m/libgcc.a(pr-support.o)
                0x00000000080080f0                __gnu_unwind_execute
                0x00000000080083c0                __gnu_unwind_frame
                0x00000000080083ec                _Unwind_GetRegionStart
                0x00000000080083f8                _Unwind_GetLanguageSpecificData
                0x000000000800840c                _Unwind_GetTextRelBase
                0x0000000008008414                _Unwind_GetDataRelBase
 .text          0x000000000800841c        0x4 /opt/Atollic_TrueSTUDIO_for_STM32_x86_64_9.3.0/ARMTools/bin/../lib/gcc/arm-atollic-eabi/6.3.1/armv7-m/libgcc.a(_dvmd_tls.o)
                0x000000000800841c                __aeabi_ldiv0
                0x000000000800841c                __aeabi_idiv0
 *(.text*)
 .text.HAL_Init
                0x0000000008008420       0x24 Drivers/STM32F1xx_HAL_Driver/Src/stm32f1xx_hal.o
                0x0000000008008420                HAL_Init
 .text.HAL_IncTick
                0x0000000008008444       0x18 Drivers/STM32F1xx_HAL_Driver/Src/stm32f1xx_hal.o
                0x0000000008008444                HAL_IncTick
 .text.HAL_GetTick
                0x000000000800845c        0xc Drivers/STM32F1xx_HAL_Driver/Src/stm32f1xx_hal.o
                0x000000000800845c                HAL_GetTick
 .text.HAL_NVIC_SetPriorityGrouping
                0x0000000008008468       0x24 Drivers/STM32F1xx_HAL_Driver/Src/stm32f1xx_hal_cortex.o
                0x0000000008008468                HAL_NVIC_SetPriorityGrouping
 .text.HAL_NVIC_SetPriority
                0x000000000800848c       0x68 Drivers/STM32F1xx_HAL_Driver/Src/stm32f1xx_hal_cortex.o
                0x000000000800848c                HAL_NVIC_SetPriority
 .text.HAL_NVIC_EnableIRQ
                0x00000000080084f4       0x1c Drivers/STM32F1xx_HAL_Driver/Src/stm32f1xx_hal_cortex.o
                0x00000000080084f4                HAL_NVIC_EnableIRQ
 .text.HAL_SYSTICK_Config
                0x0000000008008510       0x2c Drivers/STM32F1xx_HAL_Driver/Src/stm32f1xx_hal_cortex.o
                0x0000000008008510                HAL_SYSTICK_Config
 .text.HAL_SYSTICK_CLKSourceConfig
                0x000000000800853c       0x18 Drivers/STM32F1xx_HAL_Driver/Src/stm32f1xx_hal_cortex.o
                0x000000000800853c                HAL_SYSTICK_CLKSourceConfig
 .text.HAL_MspInit
                0x0000000008008554        0x2 Drivers/STM32F1xx_HAL_Driver/Src/stm32f1xx_hal_msp_template.o
                0x0000000008008554                HAL_MspInit
 .text.HAL_PWR_PVDCallback
                0x0000000008008556        0x2 Drivers/STM32F1xx_HAL_Driver/Src/stm32f1xx_hal_pwr.o
                0x0000000008008556                HAL_PWR_PVDCallback
 .text.HAL_PWR_PVD_IRQHandler
                0x0000000008008558       0x1c Drivers/STM32F1xx_HAL_Driver/Src/stm32f1xx_hal_pwr.o
                0x0000000008008558                HAL_PWR_PVD_IRQHandler
 .text.HAL_RCC_OscConfig
                0x0000000008008574      0x400 Drivers/STM32F1xx_HAL_Driver/Src/stm32f1xx_hal_rcc.o
                0x0000000008008574                HAL_RCC_OscConfig
 .text.HAL_RCC_GetSysClockFreq
                0x0000000008008974       0xc4 Drivers/STM32F1xx_HAL_Driver/Src/stm32f1xx_hal_rcc.o
                0x0000000008008974                HAL_RCC_GetSysClockFreq
 .text.HAL_RCC_ClockConfig
                0x0000000008008a38      0x13c Drivers/STM32F1xx_HAL_Driver/Src/stm32f1xx_hal_rcc.o
                0x0000000008008a38                HAL_RCC_ClockConfig
 .text.HAL_RCC_GetHCLKFreq
                0x0000000008008b74        0xc Drivers/STM32F1xx_HAL_Driver/Src/stm32f1xx_hal_rcc.o
                0x0000000008008b74                HAL_RCC_GetHCLKFreq
 .text.HAL_RCC_GetPCLK2Freq
                0x0000000008008b80       0x20 Drivers/STM32F1xx_HAL_Driver/Src/stm32f1xx_hal_rcc.o
                0x0000000008008b80                HAL_RCC_GetPCLK2Freq
 .text.HAL_RCCEx_PeriphCLKConfig
                0x0000000008008ba0      0x17c Drivers/STM32F1xx_HAL_Driver/Src/stm32f1xx_hal_rcc_ex.o
                0x0000000008008ba0                HAL_RCCEx_PeriphCLKConfig
 .text.HAL_RCCEx_GetPeriphCLKFreq
                0x0000000008008d1c      0x178 Drivers/STM32F1xx_HAL_Driver/Src/stm32f1xx_hal_rcc_ex.o
                0x0000000008008d1c                HAL_RCCEx_GetPeriphCLKFreq
 .text.RTC_EnterInitMode
                0x0000000008008e94       0x2e Drivers/STM32F1xx_HAL_Driver/Src/stm32f1xx_hal_rtc.o
 .text.RTC_ExitInitMode
                0x0000000008008ec2       0x30 Drivers/STM32F1xx_HAL_Driver/Src/stm32f1xx_hal_rtc.o
 .text.HAL_RTC_MspInit
                0x0000000008008ef2        0x2 Drivers/STM32F1xx_HAL_Driver/Src/stm32f1xx_hal_rtc.o
                0x0000000008008ef2                HAL_RTC_MspInit
 .text.HAL_RTC_AlarmIRQHandler
                0x0000000008008ef4       0x30 Drivers/STM32F1xx_HAL_Driver/Src/stm32f1xx_hal_rtc.o
                0x0000000008008ef4                HAL_RTC_AlarmIRQHandler
 .text.HAL_RTC_WaitForSynchro
                0x0000000008008f24       0x36 Drivers/STM32F1xx_HAL_Driver/Src/stm32f1xx_hal_rtc.o
                0x0000000008008f24                HAL_RTC_WaitForSynchro
 *fill*         0x0000000008008f5a        0x2 
 .text.HAL_RTC_Init
                0x0000000008008f5c       0xa0 Drivers/STM32F1xx_HAL_Driver/Src/stm32f1xx_hal_rtc.o
                0x0000000008008f5c                HAL_RTC_Init
 .text.HAL_InitTick
                0x0000000008008ffc      0x100 Drivers/STM32F1xx_HAL_Driver/Src/stm32f1xx_hal_timebase_rtc_alarm_template.o
                0x0000000008008ffc                HAL_InitTick
 .text.HAL_RTC_AlarmAEventCallback
                0x00000000080090fc       0x4c Drivers/STM32F1xx_HAL_Driver/Src/stm32f1xx_hal_timebase_rtc_alarm_template.o
                0x00000000080090fc                HAL_RTC_AlarmAEventCallback
 .text.RTC_Alarm_IRQHandler
                0x0000000008009148        0xc Drivers/STM32F1xx_HAL_Driver/Src/stm32f1xx_hal_timebase_rtc_alarm_template.o
                0x0000000008009148                RTC_Alarm_IRQHandler
 .text.__NVIC_SystemReset
                0x0000000008009154       0x28 ProjectLibraries/CSystem/CSystem.o
 .text._ZN7CSystem15initSystemClockENS_14TOscilatorTypeE
                0x000000000800917c      0x124 ProjectLibraries/CSystem/CSystem.o
                0x000000000800917c                CSystem::initSystemClock(CSystem::TOscilatorType)
 .text._ZN7CSystem26initSystemClockOscExternalEv
                0x00000000080092a0       0x44 ProjectLibraries/CSystem/CSystem.o
                0x00000000080092a0                CSystem::initSystemClockOscExternal()
 .text._ZN7CSystem26initSystemClockOscInternalEv
                0x00000000080092e4        0xe ProjectLibraries/CSystem/CSystem.o
                0x00000000080092e4                CSystem::initSystemClockOscInternal()
 .text.PVD_IRQHandler
                0x00000000080092f2        0xc ProjectLibraries/CSystem/CSystem.o
                0x00000000080092f2                PVD_IRQHandler
 .text.main     0x00000000080092fe       0x14 Src/main.o
                0x00000000080092fe                main
 .text.NMI_Handler
                0x0000000008009312        0x2 Src/stm32f1xx_it.o
                0x0000000008009312                NMI_Handler
 .text.HardFault_Handler
                0x0000000008009314        0x2 Src/stm32f1xx_it.o
                0x0000000008009314                HardFault_Handler
 .text.MemManage_Handler
                0x0000000008009316        0x2 Src/stm32f1xx_it.o
                0x0000000008009316                MemManage_Handler
 .text.BusFault_Handler
                0x0000000008009318        0x2 Src/stm32f1xx_it.o
                0x0000000008009318                BusFault_Handler
 .text.UsageFault_Handler
                0x000000000800931a        0x2 Src/stm32f1xx_it.o
                0x000000000800931a                UsageFault_Handler
 .text.SVC_Handler
                0x000000000800931c        0x2 Src/stm32f1xx_it.o
                0x000000000800931c                SVC_Handler
 .text.DebugMon_Handler
                0x000000000800931e        0x2 Src/stm32f1xx_it.o
                0x000000000800931e                DebugMon_Handler
 .text.PendSV_Handler
                0x0000000008009320        0x2 Src/stm32f1xx_it.o
                0x0000000008009320                PendSV_Handler
 .text.SysTick_Handler
                0x0000000008009322        0x4 Src/stm32f1xx_it.o
                0x0000000008009322                SysTick_Handler
 .text._getpid  0x0000000008009326        0x4 Src/syscalls.o
                0x0000000008009326                _getpid
 .text._kill    0x000000000800932a       0x10 Src/syscalls.o
                0x000000000800932a                _kill
 .text._exit    0x000000000800933a        0xc Src/syscalls.o
                0x000000000800933a                _exit
 .text._read    0x0000000008009346       0x1c Src/syscalls.o
                0x0000000008009346                _read
 .text._write   0x0000000008009362       0x1c Src/syscalls.o
                0x0000000008009362                _write
 *fill*         0x000000000800937e        0x2 
 .text._sbrk    0x0000000008009380       0x34 Src/syscalls.o
                0x0000000008009380                _sbrk
 .text._close   0x00000000080093b4        0x6 Src/syscalls.o
                0x00000000080093b4                _close
 .text._fstat   0x00000000080093ba        0xa Src/syscalls.o
                0x00000000080093ba                _fstat
 .text._isatty  0x00000000080093c4        0x4 Src/syscalls.o
                0x00000000080093c4                _isatty
 .text._lseek   0x00000000080093c8        0x4 Src/syscalls.o
                0x00000000080093c8                _lseek
 .text.SystemInit
                0x00000000080093cc        0x2 Src/system_stm32f1xx.o
                0x00000000080093cc                SystemInit
 *fill*         0x00000000080093ce        0x2 
 .text.Reset_Handler
                0x00000000080093d0       0x44 startup/startup_stm32f105xc.o
                0x00000000080093d0                Reset_Handler
 .text.Default_Handler
                0x0000000008009414        0x2 startup/startup_stm32f105xc.o
                0x0000000008009414                EXTI2_IRQHandler
                0x0000000008009414                TIM1_CC_IRQHandler
                0x0000000008009414                TIM6_IRQHandler
                0x0000000008009414                CAN2_RX1_IRQHandler
                0x0000000008009414                EXTI3_IRQHandler
                0x0000000008009414                EXTI0_IRQHandler
                0x0000000008009414                I2C2_EV_IRQHandler
                0x0000000008009414                CAN1_RX0_IRQHandler
                0x0000000008009414                CAN2_SCE_IRQHandler
                0x0000000008009414                ADC1_2_IRQHandler
                0x0000000008009414                SPI1_IRQHandler
                0x0000000008009414                TAMPER_IRQHandler
                0x0000000008009414                CAN2_RX0_IRQHandler
                0x0000000008009414                DMA2_Channel2_IRQHandler
                0x0000000008009414                DMA1_Channel4_IRQHandler
                0x0000000008009414                USART3_IRQHandler
                0x0000000008009414                RTC_IRQHandler
                0x0000000008009414                DMA1_Channel7_IRQHandler
                0x0000000008009414                CAN1_RX1_IRQHandler
                0x0000000008009414                UART5_IRQHandler
                0x0000000008009414                TIM4_IRQHandler
                0x0000000008009414                DMA2_Channel1_IRQHandler
                0x0000000008009414                I2C1_EV_IRQHandler
                0x0000000008009414                DMA1_Channel6_IRQHandler
                0x0000000008009414                UART4_IRQHandler
                0x0000000008009414                DMA2_Channel4_IRQHandler
                0x0000000008009414                TIM3_IRQHandler
                0x0000000008009414                RCC_IRQHandler
                0x0000000008009414                TIM1_TRG_COM_IRQHandler
                0x0000000008009414                DMA1_Channel1_IRQHandler
                0x0000000008009414                Default_Handler
                0x0000000008009414                EXTI15_10_IRQHandler
                0x0000000008009414                TIM7_IRQHandler
                0x0000000008009414                CAN2_TX_IRQHandler
                0x0000000008009414                TIM5_IRQHandler
                0x0000000008009414                EXTI9_5_IRQHandler
                0x0000000008009414                SPI2_IRQHandler
                0x0000000008009414                CAN1_TX_IRQHandler
                0x0000000008009414                DMA2_Channel5_IRQHandler
                0x0000000008009414                DMA1_Channel5_IRQHandler
                0x0000000008009414                EXTI4_IRQHandler
                0x0000000008009414                DMA1_Channel3_IRQHandler
                0x0000000008009414                TIM1_UP_IRQHandler
                0x0000000008009414                WWDG_IRQHandler
                0x0000000008009414                TIM2_IRQHandler
                0x0000000008009414                OTG_FS_WKUP_IRQHandler
                0x0000000008009414                TIM1_BRK_IRQHandler
                0x0000000008009414                EXTI1_IRQHandler
                0x0000000008009414                USART2_IRQHandler
                0x0000000008009414                I2C2_ER_IRQHandler
                0x0000000008009414                DMA1_Channel2_IRQHandler
                0x0000000008009414                CAN1_SCE_IRQHandler
                0x0000000008009414                FLASH_IRQHandler
                0x0000000008009414                USART1_IRQHandler
                0x0000000008009414                OTG_FS_IRQHandler
                0x0000000008009414                SPI3_IRQHandler
                0x0000000008009414                I2C1_ER_IRQHandler
                0x0000000008009414                DMA2_Channel3_IRQHandler
 *fill*         0x0000000008009416        0x2 
 .text._ZN10__cxxabiv120__si_class_type_infoD2Ev
                0x0000000008009418       0x14 /opt/Atollic_TrueSTUDIO_for_STM32_x86_64_9.3.0/ARMTools/bin/../lib/gcc/arm-atollic-eabi/6.3.1/../../../../arm-atollic-eabi/lib/armv7-m/libstdc++.a(si_class_type_info.o)
                0x0000000008009418                __cxxabiv1::__si_class_type_info::~__si_class_type_info()
                0x0000000008009418                __cxxabiv1::__si_class_type_info::~__si_class_type_info()
 .text._ZN10__cxxabiv120__si_class_type_infoD0Ev
                0x000000000800942c       0x1c /opt/Atollic_TrueSTUDIO_for_STM32_x86_64_9.3.0/ARMTools/bin/../lib/gcc/arm-atollic-eabi/6.3.1/../../../../arm-atollic-eabi/lib/armv7-m/libstdc++.a(si_class_type_info.o)
                0x000000000800942c                __cxxabiv1::__si_class_type_info::~__si_class_type_info()
 .text._ZNK10__cxxabiv120__si_class_type_info20__do_find_public_srcEiPKvPKNS_17__class_type_infoES2_
                0x0000000008009448       0x3c /opt/Atollic_TrueSTUDIO_for_STM32_x86_64_9.3.0/ARMTools/bin/../lib/gcc/arm-atollic-eabi/6.3.1/../../../../arm-atollic-eabi/lib/armv7-m/libstdc++.a(si_class_type_info.o)
                0x0000000008009448                __cxxabiv1::__si_class_type_info::__do_find_public_src(int, void const*, __cxxabiv1::__class_type_info const*, void const*) const
 .text._ZNK10__cxxabiv120__si_class_type_info12__do_dyncastEiNS_17__class_type_info10__sub_kindEPKS1_PKvS4_S6_RNS1_16__dyncast_resultE
                0x0000000008009484       0x98 /opt/Atollic_TrueSTUDIO_for_STM32_x86_64_9.3.0/ARMTools/bin/../lib/gcc/arm-atollic-eabi/6.3.1/../../../../arm-atollic-eabi/lib/armv7-m/libstdc++.a(si_class_type_info.o)
                0x0000000008009484                __cxxabiv1::__si_class_type_info::__do_dyncast(int, __cxxabiv1::__class_type_info::__sub_kind, __cxxabiv1::__class_type_info const*, void const*, __cxxabiv1::__class_type_info const*, void const*, __cxxabiv1::__class_type_info::__dyncast_result&) const
 .text._ZNK10__cxxabiv120__si_class_type_info11__do_upcastEPKNS_17__class_type_infoEPKvRNS1_15__upcast_resultE
                0x000000000800951c       0x2c /opt/Atollic_TrueSTUDIO_for_STM32_x86_64_9.3.0/ARMTools/bin/../lib/gcc/arm-atollic-eabi/6.3.1/../../../../arm-atollic-eabi/lib/armv7-m/libstdc++.a(si_class_type_info.o)
                0x000000000800951c                __cxxabiv1::__si_class_type_info::__do_upcast(__cxxabiv1::__class_type_info const*, void const*, __cxxabiv1::__class_type_info::__upcast_result&) const
 .text._ZdlPv   0x0000000008009548        0x4 /opt/Atollic_TrueSTUDIO_for_STM32_x86_64_9.3.0/ARMTools/bin/../lib/gcc/arm-atollic-eabi/6.3.1/../../../../arm-atollic-eabi/lib/armv7-m/libstdc++.a(del_op.o)
                0x0000000008009548                operator delete(void*)
 .text._ZN10__cxxabiv111__terminateEPFvvE
                0x000000000800954c       0x28 /opt/Atollic_TrueSTUDIO_for_STM32_x86_64_9.3.0/ARMTools/bin/../lib/gcc/arm-atollic-eabi/6.3.1/../../../../arm-atollic-eabi/lib/armv7-m/libstdc++.a(eh_terminate.o)
                0x000000000800954c                __cxxabiv1::__terminate(void (*)())
 .text._ZSt9terminatev
                0x0000000008009574       0x14 /opt/Atollic_TrueSTUDIO_for_STM32_x86_64_9.3.0/ARMTools/bin/../lib/gcc/arm-atollic-eabi/6.3.1/../../../../arm-atollic-eabi/lib/armv7-m/libstdc++.a(eh_terminate.o)
                0x0000000008009574                std::terminate()
 .text._ZN10__cxxabiv112__unexpectedEPFvvE
                0x0000000008009588        0x8 /opt/Atollic_TrueSTUDIO_for_STM32_x86_64_9.3.0/ARMTools/bin/../lib/gcc/arm-atollic-eabi/6.3.1/../../../../arm-atollic-eabi/lib/armv7-m/libstdc++.a(eh_terminate.o)
                0x0000000008009588                __cxxabiv1::__unexpected(void (*)())
 .text._ZSt10unexpectedv
                0x0000000008009590       0x14 /opt/Atollic_TrueSTUDIO_for_STM32_x86_64_9.3.0/ARMTools/bin/../lib/gcc/arm-atollic-eabi/6.3.1/../../../../arm-atollic-eabi/lib/armv7-m/libstdc++.a(eh_terminate.o)
                0x0000000008009590                std::unexpected()
 .text._ZSt13get_terminatev
                0x00000000080095a4       0x10 /opt/Atollic_TrueSTUDIO_for_STM32_x86_64_9.3.0/ARMTools/bin/../lib/gcc/arm-atollic-eabi/6.3.1/../../../../arm-atollic-eabi/lib/armv7-m/libstdc++.a(eh_terminate.o)
                0x00000000080095a4                std::get_terminate()
 .text._ZSt14get_unexpectedv
                0x00000000080095b4       0x10 /opt/Atollic_TrueSTUDIO_for_STM32_x86_64_9.3.0/ARMTools/bin/../lib/gcc/arm-atollic-eabi/6.3.1/../../../../arm-atollic-eabi/lib/armv7-m/libstdc++.a(eh_terminate.o)
                0x00000000080095b4                std::get_unexpected()
 .text.__cxa_end_cleanup
                0x00000000080095c4        0xc /opt/Atollic_TrueSTUDIO_for_STM32_x86_64_9.3.0/ARMTools/bin/../lib/gcc/arm-atollic-eabi/6.3.1/../../../../arm-atollic-eabi/lib/armv7-m/libstdc++.a(eh_arm.o)
                0x00000000080095c4                __cxa_end_cleanup
 .text.__cxa_type_match
                0x00000000080095d0       0xb8 /opt/Atollic_TrueSTUDIO_for_STM32_x86_64_9.3.0/ARMTools/bin/../lib/gcc/arm-atollic-eabi/6.3.1/../../../../arm-atollic-eabi/lib/armv7-m/libstdc++.a(eh_arm.o)
                0x00000000080095d0                __cxa_type_match
 .text.__cxa_begin_cleanup
                0x0000000008009688       0x64 /opt/Atollic_TrueSTUDIO_for_STM32_x86_64_9.3.0/ARMTools/bin/../lib/gcc/arm-atollic-eabi/6.3.1/../../../../arm-atollic-eabi/lib/armv7-m/libstdc++.a(eh_arm.o)
                0x0000000008009688                __cxa_begin_cleanup
 .text.__gnu_end_cleanup
                0x00000000080096ec       0x70 /opt/Atollic_TrueSTUDIO_for_STM32_x86_64_9.3.0/ARMTools/bin/../lib/gcc/arm-atollic-eabi/6.3.1/../../../../arm-atollic-eabi/lib/armv7-m/libstdc++.a(eh_arm.o)
                0x00000000080096ec                __gnu_end_cleanup
 .text._ZL28read_encoded_value_with_basehjPKhPj
                0x000000000800975c       0xc0 /opt/Atollic_TrueSTUDIO_for_STM32_x86_64_9.3.0/ARMTools/bin/../lib/gcc/arm-atollic-eabi/6.3.1/../../../../arm-atollic-eabi/lib/armv7-m/libstdc++.a(eh_personality.o)
 .text._ZL21base_of_encoded_valuehP15_Unwind_Context
                0x000000000800981c       0x40 /opt/Atollic_TrueSTUDIO_for_STM32_x86_64_9.3.0/ARMTools/bin/../lib/gcc/arm-atollic-eabi/6.3.1/../../../../arm-atollic-eabi/lib/armv7-m/libstdc++.a(eh_personality.o)
 .text._ZL17parse_lsda_headerP15_Unwind_ContextPKhP16lsda_header_info
                0x000000000800985c       0x94 /opt/Atollic_TrueSTUDIO_for_STM32_x86_64_9.3.0/ARMTools/bin/../lib/gcc/arm-atollic-eabi/6.3.1/../../../../arm-atollic-eabi/lib/armv7-m/libstdc++.a(eh_personality.o)
 .text.__gxx_personality_v0
                0x00000000080098f0      0x4bc /opt/Atollic_TrueSTUDIO_for_STM32_x86_64_9.3.0/ARMTools/bin/../lib/gcc/arm-atollic-eabi/6.3.1/../../../../arm-atollic-eabi/lib/armv7-m/libstdc++.a(eh_personality.o)
                0x00000000080098f0                __gxx_personality_v0
 .text._ZdlPvj  0x0000000008009dac        0x4 /opt/Atollic_TrueSTUDIO_for_STM32_x86_64_9.3.0/ARMTools/bin/../lib/gcc/arm-atollic-eabi/6.3.1/../../../../arm-atollic-eabi/lib/armv7-m/libstdc++.a(del_ops.o)
                0x0000000008009dac                operator delete(void*, unsigned int)
 .text._ZNK10__cxxabiv117__class_type_info11__do_upcastEPKS0_PPv
                0x0000000008009db0       0x38 /opt/Atollic_TrueSTUDIO_for_STM32_x86_64_9.3.0/ARMTools/bin/../lib/gcc/arm-atollic-eabi/6.3.1/../../../../arm-atollic-eabi/lib/armv7-m/libstdc++.a(class_type_info.o)
                0x0000000008009db0                __cxxabiv1::__class_type_info::__do_upcast(__cxxabiv1::__class_type_info const*, void**) const
 .text._ZNK10__cxxabiv117__class_type_info20__do_find_public_srcEiPKvPKS0_S2_
                0x0000000008009de8        0xc /opt/Atollic_TrueSTUDIO_for_STM32_x86_64_9.3.0/ARMTools/bin/../lib/gcc/arm-atollic-eabi/6.3.1/../../../../arm-atollic-eabi/lib/armv7-m/libstdc++.a(class_type_info.o)
                0x0000000008009de8                __cxxabiv1::__class_type_info::__do_find_public_src(int, void const*, __cxxabiv1::__class_type_info const*, void const*) const
 .text._ZN10__cxxabiv117__class_type_infoD2Ev
                0x0000000008009df4       0x14 /opt/Atollic_TrueSTUDIO_for_STM32_x86_64_9.3.0/ARMTools/bin/../lib/gcc/arm-atollic-eabi/6.3.1/../../../../arm-atollic-eabi/lib/armv7-m/libstdc++.a(class_type_info.o)
                0x0000000008009df4                __cxxabiv1::__class_type_info::~__class_type_info()
                0x0000000008009df4                __cxxabiv1::__class_type_info::~__class_type_info()
 .text._ZN10__cxxabiv117__class_type_infoD0Ev
                0x0000000008009e08       0x1c /opt/Atollic_TrueSTUDIO_for_STM32_x86_64_9.3.0/ARMTools/bin/../lib/gcc/arm-atollic-eabi/6.3.1/../../../../arm-atollic-eabi/lib/armv7-m/libstdc++.a(class_type_info.o)
                0x0000000008009e08                __cxxabiv1::__class_type_info::~__class_type_info()
 .text._ZNK10__cxxabiv117__class_type_info11__do_upcastEPKS0_PKvRNS0_15__upcast_resultE
                0x0000000008009e24       0x18 /opt/Atollic_TrueSTUDIO_for_STM32_x86_64_9.3.0/ARMTools/bin/../lib/gcc/arm-atollic-eabi/6.3.1/../../../../arm-atollic-eabi/lib/armv7-m/libstdc++.a(class_type_info.o)
                0x0000000008009e24                __cxxabiv1::__class_type_info::__do_upcast(__cxxabiv1::__class_type_info const*, void const*, __cxxabiv1::__class_type_info::__upcast_result&) const
 .text._ZNK10__cxxabiv117__class_type_info10__do_catchEPKSt9type_infoPPvj
                0x0000000008009e3c       0x2c /opt/Atollic_TrueSTUDIO_for_STM32_x86_64_9.3.0/ARMTools/bin/../lib/gcc/arm-atollic-eabi/6.3.1/../../../../arm-atollic-eabi/lib/armv7-m/libstdc++.a(class_type_info.o)
                0x0000000008009e3c                __cxxabiv1::__class_type_info::__do_catch(std::type_info const*, void**, unsigned int) const
 .text._ZNK10__cxxabiv117__class_type_info12__do_dyncastEiNS0_10__sub_kindEPKS0_PKvS3_S5_RNS0_16__dyncast_resultE
                0x0000000008009e68       0x40 /opt/Atollic_TrueSTUDIO_for_STM32_x86_64_9.3.0/ARMTools/bin/../lib/gcc/arm-atollic-eabi/6.3.1/../../../../arm-atollic-eabi/lib/armv7-m/libstdc++.a(class_type_info.o)
                0x0000000008009e68                __cxxabiv1::__class_type_info::__do_dyncast(int, __cxxabiv1::__class_type_info::__sub_kind, __cxxabiv1::__class_type_info const*, void const*, __cxxabiv1::__class_type_info const*, void const*, __cxxabiv1::__class_type_info::__dyncast_result&) const
 .text._ZNSt9type_infoD2Ev
                0x0000000008009ea8        0x4 /opt/Atollic_TrueSTUDIO_for_STM32_x86_64_9.3.0/ARMTools/bin/../lib/gcc/arm-atollic-eabi/6.3.1/../../../../arm-atollic-eabi/lib/armv7-m/libstdc++.a(tinfo.o)
                0x0000000008009ea8                std::type_info::~type_info()
                0x0000000008009ea8                std::type_info::~type_info()
 .text._ZNKSt9type_info15__is_function_pEv
                0x0000000008009eac        0x4 /opt/Atollic_TrueSTUDIO_for_STM32_x86_64_9.3.0/ARMTools/bin/../lib/gcc/arm-atollic-eabi/6.3.1/../../../../arm-atollic-eabi/lib/armv7-m/libstdc++.a(tinfo.o)
                0x0000000008009eac                std::type_info::__is_function_p() const
                0x0000000008009eac                std::type_info::__is_pointer_p() const
 .text._ZNKSt9type_infoeqERKS_
                0x0000000008009eb0       0x2c /opt/Atollic_TrueSTUDIO_for_STM32_x86_64_9.3.0/ARMTools/bin/../lib/gcc/arm-atollic-eabi/6.3.1/../../../../arm-atollic-eabi/lib/armv7-m/libstdc++.a(tinfo.o)
                0x0000000008009eb0                std::type_info::operator==(std::type_info const&) const
 .text._ZNSt13bad_exceptionD2Ev
                0x0000000008009edc        0x4 /opt/Atollic_TrueSTUDIO_for_STM32_x86_64_9.3.0/ARMTools/bin/../lib/gcc/arm-atollic-eabi/6.3.1/../../../../arm-atollic-eabi/lib/armv7-m/libstdc++.a(eh_exception.o)
                0x0000000008009edc                std::bad_exception::~bad_exception()
                0x0000000008009edc                std::bad_exception::~bad_exception()
 .text._ZGTtNKSt13bad_exception4whatEv
                0x0000000008009ee0        0x8 /opt/Atollic_TrueSTUDIO_for_STM32_x86_64_9.3.0/ARMTools/bin/../lib/gcc/arm-atollic-eabi/6.3.1/../../../../arm-atollic-eabi/lib/armv7-m/libstdc++.a(eh_exception.o)
                0x0000000008009ee0                transaction clone for std::bad_exception::what() const
                0x0000000008009ee0                std::bad_exception::what() const
 .text._ZNSt13bad_exceptionD0Ev
                0x0000000008009ee8       0x10 /opt/Atollic_TrueSTUDIO_for_STM32_x86_64_9.3.0/ARMTools/bin/../lib/gcc/arm-atollic-eabi/6.3.1/../../../../arm-atollic-eabi/lib/armv7-m/libstdc++.a(eh_exception.o)
                0x0000000008009ee8                std::bad_exception::~bad_exception()
 .text._ZN9__gnu_cxx27__verbose_terminate_handlerEv
                0x0000000008009ef8      0x110 /opt/Atollic_TrueSTUDIO_for_STM32_x86_64_9.3.0/ARMTools/bin/../lib/gcc/arm-atollic-eabi/6.3.1/../../../../arm-atollic-eabi/lib/armv7-m/libstdc++.a(vterminate.o)
                0x0000000008009ef8                __gnu_cxx::__verbose_terminate_handler()
 .text._ZN10__cxxabiv1L24__is_gxx_exception_classEPc
                0x000000000800a008       0x3c /opt/Atollic_TrueSTUDIO_for_STM32_x86_64_9.3.0/ARMTools/bin/../lib/gcc/arm-atollic-eabi/6.3.1/../../../../arm-atollic-eabi/lib/armv7-m/libstdc++.a(eh_call.o)
 .text.__cxa_call_terminate
                0x000000000800a044       0x20 /opt/Atollic_TrueSTUDIO_for_STM32_x86_64_9.3.0/ARMTools/bin/../lib/gcc/arm-atollic-eabi/6.3.1/../../../../arm-atollic-eabi/lib/armv7-m/libstdc++.a(eh_call.o)
                0x000000000800a044                __cxa_call_terminate
 .text.__cxa_call_unexpected
                0x000000000800a064       0xe4 /opt/Atollic_TrueSTUDIO_for_STM32_x86_64_9.3.0/ARMTools/bin/../lib/gcc/arm-atollic-eabi/6.3.1/../../../../arm-atollic-eabi/lib/armv7-m/libstdc++.a(eh_call.o)
                0x000000000800a064                __cxa_call_unexpected
 .text.__cxa_begin_catch
                0x000000000800a148       0x80 /opt/Atollic_TrueSTUDIO_for_STM32_x86_64_9.3.0/ARMTools/bin/../lib/gcc/arm-atollic-eabi/6.3.1/../../../../arm-atollic-eabi/lib/armv7-m/libstdc++.a(eh_catch.o)
                0x000000000800a148                __cxa_begin_catch
 .text.__cxa_end_catch
                0x000000000800a1c8       0x8c /opt/Atollic_TrueSTUDIO_for_STM32_x86_64_9.3.0/ARMTools/bin/../lib/gcc/arm-atollic-eabi/6.3.1/../../../../arm-atollic-eabi/lib/armv7-m/libstdc++.a(eh_catch.o)
                0x000000000800a1c8                __cxa_end_catch
 .text._ZN12_GLOBAL__N_14pool4freeEPv.constprop.4
                0x000000000800a254       0x7c /opt/Atollic_TrueSTUDIO_for_STM32_x86_64_9.3.0/ARMTools/bin/../lib/gcc/arm-atollic-eabi/6.3.1/../../../../arm-atollic-eabi/lib/armv7-m/libstdc++.a(eh_alloc.o)
 .text._ZN12_GLOBAL__N_14pool8allocateEj.constprop.5
                0x000000000800a2d0       0x68 /opt/Atollic_TrueSTUDIO_for_STM32_x86_64_9.3.0/ARMTools/bin/../lib/gcc/arm-atollic-eabi/6.3.1/../../../../arm-atollic-eabi/lib/armv7-m/libstdc++.a(eh_alloc.o)
 .text.__cxa_allocate_exception
                0x000000000800a338       0x30 /opt/Atollic_TrueSTUDIO_for_STM32_x86_64_9.3.0/ARMTools/bin/../lib/gcc/arm-atollic-eabi/6.3.1/../../../../arm-atollic-eabi/lib/armv7-m/libstdc++.a(eh_alloc.o)
                0x000000000800a338                __cxa_allocate_exception
 .text.__cxa_free_exception
                0x000000000800a368       0x20 /opt/Atollic_TrueSTUDIO_for_STM32_x86_64_9.3.0/ARMTools/bin/../lib/gcc/arm-atollic-eabi/6.3.1/../../../../arm-atollic-eabi/lib/armv7-m/libstdc++.a(eh_alloc.o)
                0x000000000800a368                __cxa_free_exception
 .text.startup._GLOBAL__sub_I__ZN9__gnu_cxx9__freeresEv
                0x000000000800a388       0x28 /opt/Atollic_TrueSTUDIO_for_STM32_x86_64_9.3.0/ARMTools/bin/../lib/gcc/arm-atollic-eabi/6.3.1/../../../../arm-atollic-eabi/lib/armv7-m/libstdc++.a(eh_alloc.o)
 .text._ZL23__gxx_exception_cleanup19_Unwind_Reason_CodeP21_Unwind_Control_Block
                0x000000000800a3b0       0x44 /opt/Atollic_TrueSTUDIO_for_STM32_x86_64_9.3.0/ARMTools/bin/../lib/gcc/arm-atollic-eabi/6.3.1/../../../../arm-atollic-eabi/lib/armv7-m/libstdc++.a(eh_throw.o)
 .text.__cxa_throw
                0x000000000800a3f4       0x80 /opt/Atollic_TrueSTUDIO_for_STM32_x86_64_9.3.0/ARMTools/bin/../lib/gcc/arm-atollic-eabi/6.3.1/../../../../arm-atollic-eabi/lib/armv7-m/libstdc++.a(eh_throw.o)
                0x000000000800a3f4                __cxa_throw
 .text.__cxa_rethrow
                0x000000000800a474       0x70 /opt/Atollic_TrueSTUDIO_for_STM32_x86_64_9.3.0/ARMTools/bin/../lib/gcc/arm-atollic-eabi/6.3.1/../../../../arm-atollic-eabi/lib/armv7-m/libstdc++.a(eh_throw.o)
                0x000000000800a474                __cxa_rethrow
 .text.__cxa_current_exception_type
                0x000000000800a4e4       0x1c /opt/Atollic_TrueSTUDIO_for_STM32_x86_64_9.3.0/ARMTools/bin/../lib/gcc/arm-atollic-eabi/6.3.1/../../../../arm-atollic-eabi/lib/armv7-m/libstdc++.a(eh_type.o)
                0x000000000800a4e4                __cxa_current_exception_type
 .text.__cxa_get_globals_fast
                0x000000000800a500        0x8 /opt/Atollic_TrueSTUDIO_for_STM32_x86_64_9.3.0/ARMTools/bin/../lib/gcc/arm-atollic-eabi/6.3.1/../../../../arm-atollic-eabi/lib/armv7-m/libstdc++.a(eh_globals.o)
                0x000000000800a500                __cxa_get_globals_fast
 .text.__cxa_get_globals
                0x000000000800a508        0x8 /opt/Atollic_TrueSTUDIO_for_STM32_x86_64_9.3.0/ARMTools/bin/../lib/gcc/arm-atollic-eabi/6.3.1/../../../../arm-atollic-eabi/lib/armv7-m/libstdc++.a(eh_globals.o)
                0x000000000800a508                __cxa_get_globals
 .text.abort    0x000000000800a510        0xe /opt/Atollic_TrueSTUDIO_for_STM32_x86_64_9.3.0/ARMTools/bin/../lib/gcc/arm-atollic-eabi/6.3.1/../../../../arm-atollic-eabi/lib/armv7-m/libc.a(lib_a-abort.o)
                0x000000000800a510                abort
 *fill*         0x000000000800a51e        0x2 
 .text.__errno  0x000000000800a520        0xc /opt/Atollic_TrueSTUDIO_for_STM32_x86_64_9.3.0/ARMTools/bin/../lib/gcc/arm-atollic-eabi/6.3.1/../../../../arm-atollic-eabi/lib/armv7-m/libc.a(lib_a-errno.o)
                0x000000000800a520                __errno
 .text._fputc_r
                0x000000000800a52c       0x70 /opt/Atollic_TrueSTUDIO_for_STM32_x86_64_9.3.0/ARMTools/bin/../lib/gcc/arm-atollic-eabi/6.3.1/../../../../arm-atollic-eabi/lib/armv7-m/libc.a(lib_a-fputc.o)
                0x000000000800a52c                _fputc_r
 .text.fputc    0x000000000800a59c       0x10 /opt/Atollic_TrueSTUDIO_for_STM32_x86_64_9.3.0/ARMTools/bin/../lib/gcc/arm-atollic-eabi/6.3.1/../../../../arm-atollic-eabi/lib/armv7-m/libc.a(lib_a-fputc.o)
                0x000000000800a59c                fputc
 .text._fputs_r
                0x000000000800a5ac       0x9c /opt/Atollic_TrueSTUDIO_for_STM32_x86_64_9.3.0/ARMTools/bin/../lib/gcc/arm-atollic-eabi/6.3.1/../../../../arm-atollic-eabi/lib/armv7-m/libc.a(lib_a-fputs.o)
                0x000000000800a5ac                _fputs_r
 .text.fputs    0x000000000800a648       0x10 /opt/Atollic_TrueSTUDIO_for_STM32_x86_64_9.3.0/ARMTools/bin/../lib/gcc/arm-atollic-eabi/6.3.1/../../../../arm-atollic-eabi/lib/armv7-m/libc.a(lib_a-fputs.o)
                0x000000000800a648                fputs
 .text.__sfvwrite_r
                0x000000000800a658      0x29c /opt/Atollic_TrueSTUDIO_for_STM32_x86_64_9.3.0/ARMTools/bin/../lib/gcc/arm-atollic-eabi/6.3.1/../../../../arm-atollic-eabi/lib/armv7-m/libc.a(lib_a-fvwrite.o)
                0x000000000800a658                __sfvwrite_r
 .text._fwrite_r
                0x000000000800a8f4       0xbc /opt/Atollic_TrueSTUDIO_for_STM32_x86_64_9.3.0/ARMTools/bin/../lib/gcc/arm-atollic-eabi/6.3.1/../../../../arm-atollic-eabi/lib/armv7-m/libc.a(lib_a-fwrite.o)
                0x000000000800a8f4                _fwrite_r
 .text.fwrite   0x000000000800a9b0       0x1c /opt/Atollic_TrueSTUDIO_for_STM32_x86_64_9.3.0/ARMTools/bin/../lib/gcc/arm-atollic-eabi/6.3.1/../../../../arm-atollic-eabi/lib/armv7-m/libc.a(lib_a-fwrite.o)
                0x000000000800a9b0                fwrite
 .text.__retarget_lock_init_recursive
                0x000000000800a9cc        0x2 /opt/Atollic_TrueSTUDIO_for_STM32_x86_64_9.3.0/ARMTools/bin/../lib/gcc/arm-atollic-eabi/6.3.1/../../../../arm-atollic-eabi/lib/armv7-m/libc.a(lib_a-lock.o)
                0x000000000800a9cc                __retarget_lock_init_recursive
 .text.__retarget_lock_close_recursive
                0x000000000800a9ce        0x2 /opt/Atollic_TrueSTUDIO_for_STM32_x86_64_9.3.0/ARMTools/bin/../lib/gcc/arm-atollic-eabi/6.3.1/../../../../arm-atollic-eabi/lib/armv7-m/libc.a(lib_a-lock.o)
                0x000000000800a9ce                __retarget_lock_close_recursive
 .text.__retarget_lock_acquire_recursive
                0x000000000800a9d0        0x2 /opt/Atollic_TrueSTUDIO_for_STM32_x86_64_9.3.0/ARMTools/bin/../lib/gcc/arm-atollic-eabi/6.3.1/../../../../arm-atollic-eabi/lib/armv7-m/libc.a(lib_a-lock.o)
                0x000000000800a9d0                __retarget_lock_acquire_recursive
 .text.__retarget_lock_release_recursive
                0x000000000800a9d2        0x2 /opt/Atollic_TrueSTUDIO_for_STM32_x86_64_9.3.0/ARMTools/bin/../lib/gcc/arm-atollic-eabi/6.3.1/../../../../arm-atollic-eabi/lib/armv7-m/libc.a(lib_a-lock.o)
                0x000000000800a9d2                __retarget_lock_release_recursive
 .text.malloc   0x000000000800a9d4       0x10 /opt/Atollic_TrueSTUDIO_for_STM32_x86_64_9.3.0/ARMTools/bin/../lib/gcc/arm-atollic-eabi/6.3.1/../../../../arm-atollic-eabi/lib/armv7-m/libc.a(lib_a-malloc.o)
                0x000000000800a9d4                malloc
 .text.free     0x000000000800a9e4       0x10 /opt/Atollic_TrueSTUDIO_for_STM32_x86_64_9.3.0/ARMTools/bin/../lib/gcc/arm-atollic-eabi/6.3.1/../../../../arm-atollic-eabi/lib/armv7-m/libc.a(lib_a-malloc.o)
                0x000000000800a9e4                free
 .text._malloc_r
                0x000000000800a9f4      0x418 /opt/Atollic_TrueSTUDIO_for_STM32_x86_64_9.3.0/ARMTools/bin/../lib/gcc/arm-atollic-eabi/6.3.1/../../../../arm-atollic-eabi/lib/armv7-m/libc.a(lib_a-mallocr.o)
                0x000000000800a9f4                _malloc_r
 .text.memchr   0x000000000800ae0c       0x1c /opt/Atollic_TrueSTUDIO_for_STM32_x86_64_9.3.0/ARMTools/bin/../lib/gcc/arm-atollic-eabi/6.3.1/../../../../arm-atollic-eabi/lib/armv7-m/libc.a(lib_a-memchr-stub.o)
                0x000000000800ae0c                memchr
 .text.memcmp   0x000000000800ae28       0x1e /opt/Atollic_TrueSTUDIO_for_STM32_x86_64_9.3.0/ARMTools/bin/../lib/gcc/arm-atollic-eabi/6.3.1/../../../../arm-atollic-eabi/lib/armv7-m/libc.a(lib_a-memcmp.o)
                0x000000000800ae28                memcmp
 .text.memcpy   0x000000000800ae46       0x16 /opt/Atollic_TrueSTUDIO_for_STM32_x86_64_9.3.0/ARMTools/bin/../lib/gcc/arm-atollic-eabi/6.3.1/../../../../arm-atollic-eabi/lib/armv7-m/libc.a(lib_a-memcpy-stub.o)
                0x000000000800ae46                memcpy
 .text.memmove  0x000000000800ae5c       0x34 /opt/Atollic_TrueSTUDIO_for_STM32_x86_64_9.3.0/ARMTools/bin/../lib/gcc/arm-atollic-eabi/6.3.1/../../../../arm-atollic-eabi/lib/armv7-m/libc.a(lib_a-memmove.o)
                0x000000000800ae5c                memmove
 .text.memset   0x000000000800ae90       0x10 /opt/Atollic_TrueSTUDIO_for_STM32_x86_64_9.3.0/ARMTools/bin/../lib/gcc/arm-atollic-eabi/6.3.1/../../../../arm-atollic-eabi/lib/armv7-m/libc.a(lib_a-memset.o)
                0x000000000800ae90                memset
 .text.__malloc_lock
                0x000000000800aea0        0xc /opt/Atollic_TrueSTUDIO_for_STM32_x86_64_9.3.0/ARMTools/bin/../lib/gcc/arm-atollic-eabi/6.3.1/../../../../arm-atollic-eabi/lib/armv7-m/libc.a(lib_a-mlock.o)
                0x000000000800aea0                __malloc_lock
 .text.__malloc_unlock
                0x000000000800aeac        0xc /opt/Atollic_TrueSTUDIO_for_STM32_x86_64_9.3.0/ARMTools/bin/../lib/gcc/arm-atollic-eabi/6.3.1/../../../../arm-atollic-eabi/lib/armv7-m/libc.a(lib_a-mlock.o)
                0x000000000800aeac                __malloc_unlock
 .text._putc_r  0x000000000800aeb8       0x90 /opt/Atollic_TrueSTUDIO_for_STM32_x86_64_9.3.0/ARMTools/bin/../lib/gcc/arm-atollic-eabi/6.3.1/../../../../arm-atollic-eabi/lib/armv7-m/libc.a(lib_a-putc.o)
                0x000000000800aeb8                _putc_r
 .text.realloc  0x000000000800af48       0x10 /opt/Atollic_TrueSTUDIO_for_STM32_x86_64_9.3.0/ARMTools/bin/../lib/gcc/arm-atollic-eabi/6.3.1/../../../../arm-atollic-eabi/lib/armv7-m/libc.a(lib_a-realloc.o)
                0x000000000800af48                realloc
 .text._realloc_r
                0x000000000800af58      0x304 /opt/Atollic_TrueSTUDIO_for_STM32_x86_64_9.3.0/ARMTools/bin/../lib/gcc/arm-atollic-eabi/6.3.1/../../../../arm-atollic-eabi/lib/armv7-m/libc.a(lib_a-reallocr.o)
                0x000000000800af58                _realloc_r
 .text._sbrk_r  0x000000000800b25c       0x20 /opt/Atollic_TrueSTUDIO_for_STM32_x86_64_9.3.0/ARMTools/bin/../lib/gcc/arm-atollic-eabi/6.3.1/../../../../arm-atollic-eabi/lib/armv7-m/libc.a(lib_a-sbrkr.o)
                0x000000000800b25c                _sbrk_r
 .text._raise_r
                0x000000000800b27c       0x50 /opt/Atollic_TrueSTUDIO_for_STM32_x86_64_9.3.0/ARMTools/bin/../lib/gcc/arm-atollic-eabi/6.3.1/../../../../arm-atollic-eabi/lib/armv7-m/libc.a(lib_a-signal.o)
                0x000000000800b27c                _raise_r
 .text.raise    0x000000000800b2cc       0x10 /opt/Atollic_TrueSTUDIO_for_STM32_x86_64_9.3.0/ARMTools/bin/../lib/gcc/arm-atollic-eabi/6.3.1/../../../../arm-atollic-eabi/lib/armv7-m/libc.a(lib_a-signal.o)
                0x000000000800b2cc                raise
 .text._kill_r  0x000000000800b2dc       0x24 /opt/Atollic_TrueSTUDIO_for_STM32_x86_64_9.3.0/ARMTools/bin/../lib/gcc/arm-atollic-eabi/6.3.1/../../../../arm-atollic-eabi/lib/armv7-m/libc.a(lib_a-signalr.o)
                0x000000000800b2dc                _kill_r
 .text._getpid_r
                0x000000000800b300        0x4 /opt/Atollic_TrueSTUDIO_for_STM32_x86_64_9.3.0/ARMTools/bin/../lib/gcc/arm-atollic-eabi/6.3.1/../../../../arm-atollic-eabi/lib/armv7-m/libc.a(lib_a-signalr.o)
                0x000000000800b300                _getpid_r
 .text.sprintf  0x000000000800b304       0x48 /opt/Atollic_TrueSTUDIO_for_STM32_x86_64_9.3.0/ARMTools/bin/../lib/gcc/arm-atollic-eabi/6.3.1/../../../../arm-atollic-eabi/lib/armv7-m/libc.a(lib_a-sprintf.o)
                0x000000000800b304                sprintf
 .text.strncmp  0x000000000800b34c       0x24 /opt/Atollic_TrueSTUDIO_for_STM32_x86_64_9.3.0/ARMTools/bin/../lib/gcc/arm-atollic-eabi/6.3.1/../../../../arm-atollic-eabi/lib/armv7-m/libc.a(lib_a-strncmp.o)
                0x000000000800b34c                strncmp
 .text._svfprintf_r
                0x000000000800b370      0xfa0 /opt/Atollic_TrueSTUDIO_for_STM32_x86_64_9.3.0/ARMTools/bin/../lib/gcc/arm-atollic-eabi/6.3.1/../../../../arm-atollic-eabi/lib/armv7-m/libc.a(lib_a-svfprintf.o)
                0x000000000800b370                _svfprintf_r
 .text.__swbuf_r
                0x000000000800c310       0xbc /opt/Atollic_TrueSTUDIO_for_STM32_x86_64_9.3.0/ARMTools/bin/../lib/gcc/arm-atollic-eabi/6.3.1/../../../../arm-atollic-eabi/lib/armv7-m/libc.a(lib_a-wbuf.o)
                0x000000000800c310                __swbuf_r
 .text._write_r
                0x000000000800c3cc       0x24 /opt/Atollic_TrueSTUDIO_for_STM32_x86_64_9.3.0/ARMTools/bin/../lib/gcc/arm-atollic-eabi/6.3.1/../../../../arm-atollic-eabi/lib/armv7-m/libc.a(lib_a-writer.o)
                0x000000000800c3cc                _write_r
 .text.__swsetup_r
                0x000000000800c3f0       0xdc /opt/Atollic_TrueSTUDIO_for_STM32_x86_64_9.3.0/ARMTools/bin/../lib/gcc/arm-atollic-eabi/6.3.1/../../../../arm-atollic-eabi/lib/armv7-m/libc.a(lib_a-wsetup.o)
                0x000000000800c3f0                __swsetup_r
 .text.quorem   0x000000000800c4cc      0x118 /opt/Atollic_TrueSTUDIO_for_STM32_x86_64_9.3.0/ARMTools/bin/../lib/gcc/arm-atollic-eabi/6.3.1/../../../../arm-atollic-eabi/lib/armv7-m/libc.a(lib_a-dtoa.o)
 *fill*         0x000000000800c5e4        0x4 
 .text._dtoa_r  0x000000000800c5e8      0xba8 /opt/Atollic_TrueSTUDIO_for_STM32_x86_64_9.3.0/ARMTools/bin/../lib/gcc/arm-atollic-eabi/6.3.1/../../../../arm-atollic-eabi/lib/armv7-m/libc.a(lib_a-dtoa.o)
                0x000000000800c5e8                _dtoa_r
 .text.__sflush_r
                0x000000000800d190      0x124 /opt/Atollic_TrueSTUDIO_for_STM32_x86_64_9.3.0/ARMTools/bin/../lib/gcc/arm-atollic-eabi/6.3.1/../../../../arm-atollic-eabi/lib/armv7-m/libc.a(lib_a-fflush.o)
                0x000000000800d190                __sflush_r
 .text._fflush_r
                0x000000000800d2b4       0x78 /opt/Atollic_TrueSTUDIO_for_STM32_x86_64_9.3.0/ARMTools/bin/../lib/gcc/arm-atollic-eabi/6.3.1/../../../../arm-atollic-eabi/lib/armv7-m/libc.a(lib_a-fflush.o)
                0x000000000800d2b4                _fflush_r
 .text._cleanup_r
                0x000000000800d32c        0xc /opt/Atollic_TrueSTUDIO_for_STM32_x86_64_9.3.0/ARMTools/bin/../lib/gcc/arm-atollic-eabi/6.3.1/../../../../arm-atollic-eabi/lib/armv7-m/libc.a(lib_a-findfp.o)
                0x000000000800d32c                _cleanup_r
 .text.std.isra.0
                0x000000000800d338       0x48 /opt/Atollic_TrueSTUDIO_for_STM32_x86_64_9.3.0/ARMTools/bin/../lib/gcc/arm-atollic-eabi/6.3.1/../../../../arm-atollic-eabi/lib/armv7-m/libc.a(lib_a-findfp.o)
 .text.__sfmoreglue
                0x000000000800d380       0x2c /opt/Atollic_TrueSTUDIO_for_STM32_x86_64_9.3.0/ARMTools/bin/../lib/gcc/arm-atollic-eabi/6.3.1/../../../../arm-atollic-eabi/lib/armv7-m/libc.a(lib_a-findfp.o)
                0x000000000800d380                __sfmoreglue
 .text.__sfp_lock_acquire
                0x000000000800d3ac        0xc /opt/Atollic_TrueSTUDIO_for_STM32_x86_64_9.3.0/ARMTools/bin/../lib/gcc/arm-atollic-eabi/6.3.1/../../../../arm-atollic-eabi/lib/armv7-m/libc.a(lib_a-findfp.o)
                0x000000000800d3ac                __sfp_lock_acquire
 .text.__sfp_lock_release
                0x000000000800d3b8        0xc /opt/Atollic_TrueSTUDIO_for_STM32_x86_64_9.3.0/ARMTools/bin/../lib/gcc/arm-atollic-eabi/6.3.1/../../../../arm-atollic-eabi/lib/armv7-m/libc.a(lib_a-findfp.o)
                0x000000000800d3b8                __sfp_lock_release
 .text.__sinit_lock_acquire
                0x000000000800d3c4        0xc /opt/Atollic_TrueSTUDIO_for_STM32_x86_64_9.3.0/ARMTools/bin/../lib/gcc/arm-atollic-eabi/6.3.1/../../../../arm-atollic-eabi/lib/armv7-m/libc.a(lib_a-findfp.o)
                0x000000000800d3c4                __sinit_lock_acquire
 .text.__sinit_lock_release
                0x000000000800d3d0        0xc /opt/Atollic_TrueSTUDIO_for_STM32_x86_64_9.3.0/ARMTools/bin/../lib/gcc/arm-atollic-eabi/6.3.1/../../../../arm-atollic-eabi/lib/armv7-m/libc.a(lib_a-findfp.o)
                0x000000000800d3d0                __sinit_lock_release
 .text.__sinit  0x000000000800d3dc       0x78 /opt/Atollic_TrueSTUDIO_for_STM32_x86_64_9.3.0/ARMTools/bin/../lib/gcc/arm-atollic-eabi/6.3.1/../../../../arm-atollic-eabi/lib/armv7-m/libc.a(lib_a-findfp.o)
                0x000000000800d3dc                __sinit
 .text.__sfp    0x000000000800d454       0x8c /opt/Atollic_TrueSTUDIO_for_STM32_x86_64_9.3.0/ARMTools/bin/../lib/gcc/arm-atollic-eabi/6.3.1/../../../../arm-atollic-eabi/lib/armv7-m/libc.a(lib_a-findfp.o)
                0x000000000800d454                __sfp
 .text._malloc_trim_r
                0x000000000800d4e0       0xac /opt/Atollic_TrueSTUDIO_for_STM32_x86_64_9.3.0/ARMTools/bin/../lib/gcc/arm-atollic-eabi/6.3.1/../../../../arm-atollic-eabi/lib/armv7-m/libc.a(lib_a-freer.o)
                0x000000000800d4e0                _malloc_trim_r
 .text._free_r  0x000000000800d58c      0x178 /opt/Atollic_TrueSTUDIO_for_STM32_x86_64_9.3.0/ARMTools/bin/../lib/gcc/arm-atollic-eabi/6.3.1/../../../../arm-atollic-eabi/lib/armv7-m/libc.a(lib_a-freer.o)
                0x000000000800d58c                _free_r
 .text._fwalk_reent
                0x000000000800d704       0x3c /opt/Atollic_TrueSTUDIO_for_STM32_x86_64_9.3.0/ARMTools/bin/../lib/gcc/arm-atollic-eabi/6.3.1/../../../../arm-atollic-eabi/lib/armv7-m/libc.a(lib_a-fwalk.o)
                0x000000000800d704                _fwalk_reent
 .text._localeconv_r
                0x000000000800d740       0x1c /opt/Atollic_TrueSTUDIO_for_STM32_x86_64_9.3.0/ARMTools/bin/../lib/gcc/arm-atollic-eabi/6.3.1/../../../../arm-atollic-eabi/lib/armv7-m/libc.a(lib_a-localeconv.o)
                0x000000000800d740                _localeconv_r
 .text.__swhatbuf_r
                0x000000000800d75c       0x56 /opt/Atollic_TrueSTUDIO_for_STM32_x86_64_9.3.0/ARMTools/bin/../lib/gcc/arm-atollic-eabi/6.3.1/../../../../arm-atollic-eabi/lib/armv7-m/libc.a(lib_a-makebuf.o)
                0x000000000800d75c                __swhatbuf_r
 *fill*         0x000000000800d7b2        0x2 
 .text.__smakebuf_r
                0x000000000800d7b4       0x80 /opt/Atollic_TrueSTUDIO_for_STM32_x86_64_9.3.0/ARMTools/bin/../lib/gcc/arm-atollic-eabi/6.3.1/../../../../arm-atollic-eabi/lib/armv7-m/libc.a(lib_a-makebuf.o)
                0x000000000800d7b4                __smakebuf_r
 .text._Balloc  0x000000000800d834       0x68 /opt/Atollic_TrueSTUDIO_for_STM32_x86_64_9.3.0/ARMTools/bin/../lib/gcc/arm-atollic-eabi/6.3.1/../../../../arm-atollic-eabi/lib/armv7-m/libc.a(lib_a-mprec.o)
                0x000000000800d834                _Balloc
 .text._Bfree   0x000000000800d89c       0x2e /opt/Atollic_TrueSTUDIO_for_STM32_x86_64_9.3.0/ARMTools/bin/../lib/gcc/arm-atollic-eabi/6.3.1/../../../../arm-atollic-eabi/lib/armv7-m/libc.a(lib_a-mprec.o)
                0x000000000800d89c                _Bfree
 .text.__multadd
                0x000000000800d8ca       0x76 /opt/Atollic_TrueSTUDIO_for_STM32_x86_64_9.3.0/ARMTools/bin/../lib/gcc/arm-atollic-eabi/6.3.1/../../../../arm-atollic-eabi/lib/armv7-m/libc.a(lib_a-mprec.o)
                0x000000000800d8ca                __multadd
 .text.__hi0bits
                0x000000000800d940       0x3e /opt/Atollic_TrueSTUDIO_for_STM32_x86_64_9.3.0/ARMTools/bin/../lib/gcc/arm-atollic-eabi/6.3.1/../../../../arm-atollic-eabi/lib/armv7-m/libc.a(lib_a-mprec.o)
                0x000000000800d940                __hi0bits
 .text.__lo0bits
                0x000000000800d97e       0x5e /opt/Atollic_TrueSTUDIO_for_STM32_x86_64_9.3.0/ARMTools/bin/../lib/gcc/arm-atollic-eabi/6.3.1/../../../../arm-atollic-eabi/lib/armv7-m/libc.a(lib_a-mprec.o)
                0x000000000800d97e                __lo0bits
 .text.__i2b    0x000000000800d9dc       0x12 /opt/Atollic_TrueSTUDIO_for_STM32_x86_64_9.3.0/ARMTools/bin/../lib/gcc/arm-atollic-eabi/6.3.1/../../../../arm-atollic-eabi/lib/armv7-m/libc.a(lib_a-mprec.o)
                0x000000000800d9dc                __i2b
 .text.__multiply
                0x000000000800d9ee      0x118 /opt/Atollic_TrueSTUDIO_for_STM32_x86_64_9.3.0/ARMTools/bin/../lib/gcc/arm-atollic-eabi/6.3.1/../../../../arm-atollic-eabi/lib/armv7-m/libc.a(lib_a-mprec.o)
                0x000000000800d9ee                __multiply
 *fill*         0x000000000800db06        0x2 
 .text.__pow5mult
                0x000000000800db08       0x9c /opt/Atollic_TrueSTUDIO_for_STM32_x86_64_9.3.0/ARMTools/bin/../lib/gcc/arm-atollic-eabi/6.3.1/../../../../arm-atollic-eabi/lib/armv7-m/libc.a(lib_a-mprec.o)
                0x000000000800db08                __pow5mult
 .text.__lshift
                0x000000000800dba4       0xa2 /opt/Atollic_TrueSTUDIO_for_STM32_x86_64_9.3.0/ARMTools/bin/../lib/gcc/arm-atollic-eabi/6.3.1/../../../../arm-atollic-eabi/lib/armv7-m/libc.a(lib_a-mprec.o)
                0x000000000800dba4                __lshift
 .text.__mcmp   0x000000000800dc46       0x34 /opt/Atollic_TrueSTUDIO_for_STM32_x86_64_9.3.0/ARMTools/bin/../lib/gcc/arm-atollic-eabi/6.3.1/../../../../arm-atollic-eabi/lib/armv7-m/libc.a(lib_a-mprec.o)
                0x000000000800dc46                __mcmp
 .text.__mdiff  0x000000000800dc7a       0xbe /opt/Atollic_TrueSTUDIO_for_STM32_x86_64_9.3.0/ARMTools/bin/../lib/gcc/arm-atollic-eabi/6.3.1/../../../../arm-atollic-eabi/lib/armv7-m/libc.a(lib_a-mprec.o)
                0x000000000800dc7a                __mdiff
 .text.__d2b    0x000000000800dd38       0x9e /opt/Atollic_TrueSTUDIO_for_STM32_x86_64_9.3.0/ARMTools/bin/../lib/gcc/arm-atollic-eabi/6.3.1/../../../../arm-atollic-eabi/lib/armv7-m/libc.a(lib_a-mprec.o)
                0x000000000800dd38                __d2b
 .text.__sread  0x000000000800ddd6       0x22 /opt/Atollic_TrueSTUDIO_for_STM32_x86_64_9.3.0/ARMTools/bin/../lib/gcc/arm-atollic-eabi/6.3.1/../../../../arm-atollic-eabi/lib/armv7-m/libc.a(lib_a-stdio.o)
                0x000000000800ddd6                __sread
 .text.__swrite
                0x000000000800ddf8       0x38 /opt/Atollic_TrueSTUDIO_for_STM32_x86_64_9.3.0/ARMTools/bin/../lib/gcc/arm-atollic-eabi/6.3.1/../../../../arm-atollic-eabi/lib/armv7-m/libc.a(lib_a-stdio.o)
                0x000000000800ddf8                __swrite
 .text.__sseek  0x000000000800de30       0x24 /opt/Atollic_TrueSTUDIO_for_STM32_x86_64_9.3.0/ARMTools/bin/../lib/gcc/arm-atollic-eabi/6.3.1/../../../../arm-atollic-eabi/lib/armv7-m/libc.a(lib_a-stdio.o)
                0x000000000800de30                __sseek
 .text.__sclose
                0x000000000800de54        0x8 /opt/Atollic_TrueSTUDIO_for_STM32_x86_64_9.3.0/ARMTools/bin/../lib/gcc/arm-atollic-eabi/6.3.1/../../../../arm-atollic-eabi/lib/armv7-m/libc.a(lib_a-stdio.o)
                0x000000000800de54                __sclose
 .text.__ssprint_r
                0x000000000800de5c       0xf4 /opt/Atollic_TrueSTUDIO_for_STM32_x86_64_9.3.0/ARMTools/bin/../lib/gcc/arm-atollic-eabi/6.3.1/../../../../arm-atollic-eabi/lib/armv7-m/libc.a(lib_a-svfiprintf.o)
                0x000000000800de5c                __ssprint_r
 .text._calloc_r
                0x000000000800df50       0x5a /opt/Atollic_TrueSTUDIO_for_STM32_x86_64_9.3.0/ARMTools/bin/../lib/gcc/arm-atollic-eabi/6.3.1/../../../../arm-atollic-eabi/lib/armv7-m/libc.a(lib_a-callocr.o)
                0x000000000800df50                _calloc_r
 *fill*         0x000000000800dfaa        0x2 
 .text._close_r
                0x000000000800dfac       0x20 /opt/Atollic_TrueSTUDIO_for_STM32_x86_64_9.3.0/ARMTools/bin/../lib/gcc/arm-atollic-eabi/6.3.1/../../../../arm-atollic-eabi/lib/armv7-m/libc.a(lib_a-closer.o)
                0x000000000800dfac                _close_r
 .text._fclose_r
                0x000000000800dfcc       0xd8 /opt/Atollic_TrueSTUDIO_for_STM32_x86_64_9.3.0/ARMTools/bin/../lib/gcc/arm-atollic-eabi/6.3.1/../../../../arm-atollic-eabi/lib/armv7-m/libc.a(lib_a-fclose.o)
                0x000000000800dfcc                _fclose_r
 .text._fstat_r
                0x000000000800e0a4       0x24 /opt/Atollic_TrueSTUDIO_for_STM32_x86_64_9.3.0/ARMTools/bin/../lib/gcc/arm-atollic-eabi/6.3.1/../../../../arm-atollic-eabi/lib/armv7-m/libc.a(lib_a-fstatr.o)
                0x000000000800e0a4                _fstat_r
 .text._isatty_r
                0x000000000800e0c8       0x20 /opt/Atollic_TrueSTUDIO_for_STM32_x86_64_9.3.0/ARMTools/bin/../lib/gcc/arm-atollic-eabi/6.3.1/../../../../arm-atollic-eabi/lib/armv7-m/libc.a(lib_a-isattyr.o)
                0x000000000800e0c8                _isatty_r
 .text._lseek_r
                0x000000000800e0e8       0x24 /opt/Atollic_TrueSTUDIO_for_STM32_x86_64_9.3.0/ARMTools/bin/../lib/gcc/arm-atollic-eabi/6.3.1/../../../../arm-atollic-eabi/lib/armv7-m/libc.a(lib_a-lseekr.o)
                0x000000000800e0e8                _lseek_r
 .text.__ascii_mbtowc
                0x000000000800e10c       0x24 /opt/Atollic_TrueSTUDIO_for_STM32_x86_64_9.3.0/ARMTools/bin/../lib/gcc/arm-atollic-eabi/6.3.1/../../../../arm-atollic-eabi/lib/armv7-m/libc.a(lib_a-mbtowc_r.o)
                0x000000000800e10c                __ascii_mbtowc
 .text._read_r  0x000000000800e130       0x24 /opt/Atollic_TrueSTUDIO_for_STM32_x86_64_9.3.0/ARMTools/bin/../lib/gcc/arm-atollic-eabi/6.3.1/../../../../arm-atollic-eabi/lib/armv7-m/libc.a(lib_a-readr.o)
                0x000000000800e130                _read_r
 .text.__ascii_wctomb
                0x000000000800e154       0x1a /opt/Atollic_TrueSTUDIO_for_STM32_x86_64_9.3.0/ARMTools/bin/../lib/gcc/arm-atollic-eabi/6.3.1/../../../../arm-atollic-eabi/lib/armv7-m/libc.a(lib_a-wctomb_r.o)
                0x000000000800e154                __ascii_wctomb
 *(.glue_7)
 .glue_7        0x000000000800e16e        0x0 linker stubs
 *(.glue_7t)
 .glue_7t       0x000000000800e16e        0x0 linker stubs
 *(.eh_frame)
 *fill*         0x000000000800e16e        0x2 
 .eh_frame      0x000000000800e170        0x0 /opt/Atollic_TrueSTUDIO_for_STM32_x86_64_9.3.0/ARMTools/bin/../lib/gcc/arm-atollic-eabi/6.3.1/armv7-m/crtbegin.o
 *(.init)
 .init          0x000000000800e170        0x4 /opt/Atollic_TrueSTUDIO_for_STM32_x86_64_9.3.0/ARMTools/bin/../lib/gcc/arm-atollic-eabi/6.3.1/armv7-m/crti.o
                0x000000000800e170                _init
 .init          0x000000000800e174        0x8 /opt/Atollic_TrueSTUDIO_for_STM32_x86_64_9.3.0/ARMTools/bin/../lib/gcc/arm-atollic-eabi/6.3.1/armv7-m/crtn.o
 *(.fini)
 .fini          0x000000000800e17c        0x4 /opt/Atollic_TrueSTUDIO_for_STM32_x86_64_9.3.0/ARMTools/bin/../lib/gcc/arm-atollic-eabi/6.3.1/armv7-m/crti.o
                0x000000000800e17c                _fini
 .fini          0x000000000800e180        0x8 /opt/Atollic_TrueSTUDIO_for_STM32_x86_64_9.3.0/ARMTools/bin/../lib/gcc/arm-atollic-eabi/6.3.1/armv7-m/crtn.o
                0x000000000800e188                . = ALIGN (0x4)
                0x000000000800e188                _etext = .

.vfp11_veneer   0x000000000800e188        0x0
 .vfp11_veneer  0x000000000800e188        0x0 linker stubs

.v4_bx          0x000000000800e188        0x0
 .v4_bx         0x000000000800e188        0x0 linker stubs

.iplt           0x000000000800e188        0x0
 .iplt          0x000000000800e188        0x0 /opt/Atollic_TrueSTUDIO_for_STM32_x86_64_9.3.0/ARMTools/bin/../lib/gcc/arm-atollic-eabi/6.3.1/armv7-m/crtbegin.o

.rodata         0x000000000800e188     0x1528
                0x000000000800e188                . = ALIGN (0x4)
 *(.rodata)
 .rodata        0x000000000800e188       0x1e Drivers/STM32F1xx_HAL_Driver/Src/stm32f1xx_hal_rcc.o
 .rodata        0x000000000800e1a6       0x1e Drivers/STM32F1xx_HAL_Driver/Src/stm32f1xx_hal_rcc_ex.o
 .rodata        0x000000000800e1c4      0x798 /opt/Atollic_TrueSTUDIO_for_STM32_x86_64_9.3.0/ARMTools/bin/../lib/gcc/arm-atollic-eabi/6.3.1/../../../../arm-atollic-eabi/lib/armv7-m/libstdc++.a(cp-demangle.o)
 *(.rodata*)
 .rodata.AHBPrescTable
                0x000000000800e95c       0x10 Src/system_stm32f1xx.o
                0x000000000800e95c                AHBPrescTable
 .rodata.APBPrescTable
                0x000000000800e96c        0x8 Src/system_stm32f1xx.o
                0x000000000800e96c                APBPrescTable
 .rodata._ZTIN10__cxxabiv120__si_class_type_infoE
                0x000000000800e974        0xc /opt/Atollic_TrueSTUDIO_for_STM32_x86_64_9.3.0/ARMTools/bin/../lib/gcc/arm-atollic-eabi/6.3.1/../../../../arm-atollic-eabi/lib/armv7-m/libstdc++.a(si_class_type_info.o)
                0x000000000800e974                typeinfo for __cxxabiv1::__si_class_type_info
 .rodata._ZTSN10__cxxabiv120__si_class_type_infoE
                0x000000000800e980       0x25 /opt/Atollic_TrueSTUDIO_for_STM32_x86_64_9.3.0/ARMTools/bin/../lib/gcc/arm-atollic-eabi/6.3.1/../../../../arm-atollic-eabi/lib/armv7-m/libstdc++.a(si_class_type_info.o)
                0x000000000800e980                typeinfo name for __cxxabiv1::__si_class_type_info
 *fill*         0x000000000800e9a5        0x3 
 .rodata._ZTVN10__cxxabiv120__si_class_type_infoE
                0x000000000800e9a8       0x2c /opt/Atollic_TrueSTUDIO_for_STM32_x86_64_9.3.0/ARMTools/bin/../lib/gcc/arm-atollic-eabi/6.3.1/../../../../arm-atollic-eabi/lib/armv7-m/libstdc++.a(si_class_type_info.o)
                0x000000000800e9a8                vtable for __cxxabiv1::__si_class_type_info
 .rodata._ZTIN10__cxxabiv117__class_type_infoE
                0x000000000800e9d4        0xc /opt/Atollic_TrueSTUDIO_for_STM32_x86_64_9.3.0/ARMTools/bin/../lib/gcc/arm-atollic-eabi/6.3.1/../../../../arm-atollic-eabi/lib/armv7-m/libstdc++.a(class_type_info.o)
                0x000000000800e9d4                typeinfo for __cxxabiv1::__class_type_info
 .rodata._ZTSN10__cxxabiv117__class_type_infoE
                0x000000000800e9e0       0x22 /opt/Atollic_TrueSTUDIO_for_STM32_x86_64_9.3.0/ARMTools/bin/../lib/gcc/arm-atollic-eabi/6.3.1/../../../../arm-atollic-eabi/lib/armv7-m/libstdc++.a(class_type_info.o)
                0x000000000800e9e0                typeinfo name for __cxxabiv1::__class_type_info
 *fill*         0x000000000800ea02        0x2 
 .rodata._ZTVN10__cxxabiv117__class_type_infoE
                0x000000000800ea04       0x2c /opt/Atollic_TrueSTUDIO_for_STM32_x86_64_9.3.0/ARMTools/bin/../lib/gcc/arm-atollic-eabi/6.3.1/../../../../arm-atollic-eabi/lib/armv7-m/libstdc++.a(class_type_info.o)
                0x000000000800ea04                vtable for __cxxabiv1::__class_type_info
 .rodata._ZTISt9type_info
                0x000000000800ea30        0x8 /opt/Atollic_TrueSTUDIO_for_STM32_x86_64_9.3.0/ARMTools/bin/../lib/gcc/arm-atollic-eabi/6.3.1/../../../../arm-atollic-eabi/lib/armv7-m/libstdc++.a(tinfo.o)
                0x000000000800ea30                typeinfo for std::type_info
 .rodata._ZTSSt9type_info
                0x000000000800ea38        0xd /opt/Atollic_TrueSTUDIO_for_STM32_x86_64_9.3.0/ARMTools/bin/../lib/gcc/arm-atollic-eabi/6.3.1/../../../../arm-atollic-eabi/lib/armv7-m/libstdc++.a(tinfo.o)
                0x000000000800ea38                typeinfo name for std::type_info
 *fill*         0x000000000800ea45        0x3 
 .rodata._ZGTtNKSt13bad_exception4whatEv.str1.4
                0x000000000800ea48       0x13 /opt/Atollic_TrueSTUDIO_for_STM32_x86_64_9.3.0/ARMTools/bin/../lib/gcc/arm-atollic-eabi/6.3.1/../../../../arm-atollic-eabi/lib/armv7-m/libstdc++.a(eh_exception.o)
 *fill*         0x000000000800ea5b        0x1 
 .rodata._ZTIN10__cxxabiv115__forced_unwindE
                0x000000000800ea5c        0x8 /opt/Atollic_TrueSTUDIO_for_STM32_x86_64_9.3.0/ARMTools/bin/../lib/gcc/arm-atollic-eabi/6.3.1/../../../../arm-atollic-eabi/lib/armv7-m/libstdc++.a(eh_exception.o)
                0x000000000800ea5c                typeinfo for __cxxabiv1::__forced_unwind
 .rodata._ZTIN10__cxxabiv119__foreign_exceptionE
                0x000000000800ea64        0x8 /opt/Atollic_TrueSTUDIO_for_STM32_x86_64_9.3.0/ARMTools/bin/../lib/gcc/arm-atollic-eabi/6.3.1/../../../../arm-atollic-eabi/lib/armv7-m/libstdc++.a(eh_exception.o)
                0x000000000800ea64                typeinfo for __cxxabiv1::__foreign_exception
 .rodata._ZTISt13bad_exception
                0x000000000800ea6c        0xc /opt/Atollic_TrueSTUDIO_for_STM32_x86_64_9.3.0/ARMTools/bin/../lib/gcc/arm-atollic-eabi/6.3.1/../../../../arm-atollic-eabi/lib/armv7-m/libstdc++.a(eh_exception.o)
                0x000000000800ea6c                typeinfo for std::bad_exception
 .rodata._ZTISt9exception
                0x000000000800ea78        0x8 /opt/Atollic_TrueSTUDIO_for_STM32_x86_64_9.3.0/ARMTools/bin/../lib/gcc/arm-atollic-eabi/6.3.1/../../../../arm-atollic-eabi/lib/armv7-m/libstdc++.a(eh_exception.o)
                0x000000000800ea78                typeinfo for std::exception
 .rodata._ZTSN10__cxxabiv115__forced_unwindE
                0x000000000800ea80       0x20 /opt/Atollic_TrueSTUDIO_for_STM32_x86_64_9.3.0/ARMTools/bin/../lib/gcc/arm-atollic-eabi/6.3.1/../../../../arm-atollic-eabi/lib/armv7-m/libstdc++.a(eh_exception.o)
                0x000000000800ea80                typeinfo name for __cxxabiv1::__forced_unwind
 .rodata._ZTSN10__cxxabiv119__foreign_exceptionE
                0x000000000800eaa0       0x24 /opt/Atollic_TrueSTUDIO_for_STM32_x86_64_9.3.0/ARMTools/bin/../lib/gcc/arm-atollic-eabi/6.3.1/../../../../arm-atollic-eabi/lib/armv7-m/libstdc++.a(eh_exception.o)
                0x000000000800eaa0                typeinfo name for __cxxabiv1::__foreign_exception
 .rodata._ZTSSt13bad_exception
                0x000000000800eac4       0x12 /opt/Atollic_TrueSTUDIO_for_STM32_x86_64_9.3.0/ARMTools/bin/../lib/gcc/arm-atollic-eabi/6.3.1/../../../../arm-atollic-eabi/lib/armv7-m/libstdc++.a(eh_exception.o)
                0x000000000800eac4                typeinfo name for std::bad_exception
 *fill*         0x000000000800ead6        0x2 
 .rodata._ZTSSt9exception
                0x000000000800ead8        0xd /opt/Atollic_TrueSTUDIO_for_STM32_x86_64_9.3.0/ARMTools/bin/../lib/gcc/arm-atollic-eabi/6.3.1/../../../../arm-atollic-eabi/lib/armv7-m/libstdc++.a(eh_exception.o)
                0x000000000800ead8                typeinfo name for std::exception
 *fill*         0x000000000800eae5        0x3 
 .rodata._ZTVSt13bad_exception
                0x000000000800eae8       0x14 /opt/Atollic_TrueSTUDIO_for_STM32_x86_64_9.3.0/ARMTools/bin/../lib/gcc/arm-atollic-eabi/6.3.1/../../../../arm-atollic-eabi/lib/armv7-m/libstdc++.a(eh_exception.o)
                0x000000000800eae8                vtable for std::bad_exception
 .rodata._ZN9__gnu_cxx27__verbose_terminate_handlerEv.str1.4
                0x000000000800eafc       0x94 /opt/Atollic_TrueSTUDIO_for_STM32_x86_64_9.3.0/ARMTools/bin/../lib/gcc/arm-atollic-eabi/6.3.1/../../../../arm-atollic-eabi/lib/armv7-m/libstdc++.a(vterminate.o)
 .rodata.str1.4
                0x000000000800eb90      0x850 /opt/Atollic_TrueSTUDIO_for_STM32_x86_64_9.3.0/ARMTools/bin/../lib/gcc/arm-atollic-eabi/6.3.1/../../../../arm-atollic-eabi/lib/armv7-m/libstdc++.a(cp-demangle.o)
                                        0x89e (size before relaxing)
 .rodata._global_impure_ptr
                0x000000000800f3e0        0x4 /opt/Atollic_TrueSTUDIO_for_STM32_x86_64_9.3.0/ARMTools/bin/../lib/gcc/arm-atollic-eabi/6.3.1/../../../../arm-atollic-eabi/lib/armv7-m/libc.a(lib_a-impure.o)
                0x000000000800f3e0                _global_impure_ptr
 .rodata._svfprintf_r.str1.1
                0x000000000800f3e4       0x34 /opt/Atollic_TrueSTUDIO_for_STM32_x86_64_9.3.0/ARMTools/bin/../lib/gcc/arm-atollic-eabi/6.3.1/../../../../arm-atollic-eabi/lib/armv7-m/libc.a(lib_a-svfprintf.o)
 .rodata.blanks.7236
                0x000000000800f418       0x10 /opt/Atollic_TrueSTUDIO_for_STM32_x86_64_9.3.0/ARMTools/bin/../lib/gcc/arm-atollic-eabi/6.3.1/../../../../arm-atollic-eabi/lib/armv7-m/libc.a(lib_a-svfprintf.o)
 .rodata.zeroes.7237
                0x000000000800f428       0x10 /opt/Atollic_TrueSTUDIO_for_STM32_x86_64_9.3.0/ARMTools/bin/../lib/gcc/arm-atollic-eabi/6.3.1/../../../../arm-atollic-eabi/lib/armv7-m/libc.a(lib_a-svfprintf.o)
 .rodata._dtoa_r.str1.1
                0x000000000800f438        0xd /opt/Atollic_TrueSTUDIO_for_STM32_x86_64_9.3.0/ARMTools/bin/../lib/gcc/arm-atollic-eabi/6.3.1/../../../../arm-atollic-eabi/lib/armv7-m/libc.a(lib_a-dtoa.o)
                                          0xf (size before relaxing)
 *fill*         0x000000000800f445        0x3 
 .rodata.__sf_fake_stderr
                0x000000000800f448       0x20 /opt/Atollic_TrueSTUDIO_for_STM32_x86_64_9.3.0/ARMTools/bin/../lib/gcc/arm-atollic-eabi/6.3.1/../../../../arm-atollic-eabi/lib/armv7-m/libc.a(lib_a-findfp.o)
                0x000000000800f448                __sf_fake_stderr
 .rodata.__sf_fake_stdin
                0x000000000800f468       0x20 /opt/Atollic_TrueSTUDIO_for_STM32_x86_64_9.3.0/ARMTools/bin/../lib/gcc/arm-atollic-eabi/6.3.1/../../../../arm-atollic-eabi/lib/armv7-m/libc.a(lib_a-findfp.o)
                0x000000000800f468                __sf_fake_stdin
 .rodata.__sf_fake_stdout
                0x000000000800f488       0x20 /opt/Atollic_TrueSTUDIO_for_STM32_x86_64_9.3.0/ARMTools/bin/../lib/gcc/arm-atollic-eabi/6.3.1/../../../../arm-atollic-eabi/lib/armv7-m/libc.a(lib_a-findfp.o)
                0x000000000800f488                __sf_fake_stdout
 .rodata.__mprec_bigtens
                0x000000000800f4a8       0x28 /opt/Atollic_TrueSTUDIO_for_STM32_x86_64_9.3.0/ARMTools/bin/../lib/gcc/arm-atollic-eabi/6.3.1/../../../../arm-atollic-eabi/lib/armv7-m/libc.a(lib_a-mprec.o)
                0x000000000800f4a8                __mprec_bigtens
 .rodata.__mprec_tens
                0x000000000800f4d0       0xc8 /opt/Atollic_TrueSTUDIO_for_STM32_x86_64_9.3.0/ARMTools/bin/../lib/gcc/arm-atollic-eabi/6.3.1/../../../../arm-atollic-eabi/lib/armv7-m/libc.a(lib_a-mprec.o)
                0x000000000800f4d0                __mprec_tens
 .rodata.p05.6073
                0x000000000800f598        0xc /opt/Atollic_TrueSTUDIO_for_STM32_x86_64_9.3.0/ARMTools/bin/../lib/gcc/arm-atollic-eabi/6.3.1/../../../../arm-atollic-eabi/lib/armv7-m/libc.a(lib_a-mprec.o)
 .rodata._setlocale_r.str1.1
                0x000000000800f5a4        0x8 /opt/Atollic_TrueSTUDIO_for_STM32_x86_64_9.3.0/ARMTools/bin/../lib/gcc/arm-atollic-eabi/6.3.1/../../../../arm-atollic-eabi/lib/armv7-m/libc.a(lib_a-locale.o)
                                          0x9 (size before relaxing)
 .rodata.str1.1
                0x000000000800f5ac        0x2 /opt/Atollic_TrueSTUDIO_for_STM32_x86_64_9.3.0/ARMTools/bin/../lib/gcc/arm-atollic-eabi/6.3.1/../../../../arm-atollic-eabi/lib/armv7-m/libc.a(lib_a-locale.o)
 .rodata._ctype_
                0x000000000800f5ae      0x101 /opt/Atollic_TrueSTUDIO_for_STM32_x86_64_9.3.0/ARMTools/bin/../lib/gcc/arm-atollic-eabi/6.3.1/../../../../arm-atollic-eabi/lib/armv7-m/libc.a(lib_a-ctype_.o)
                0x000000000800f5ae                _ctype_
                0x000000000800f6b0                . = ALIGN (0x4)
 *fill*         0x000000000800f6af        0x1 

.ARM.extab      0x000000000800f6b0      0x114
 *(.ARM.extab* .gnu.linkonce.armextab.*)
 .ARM.extab.text._ZN7CSystem15initSystemClockENS_14TOscilatorTypeE
                0x000000000800f6b0        0xc ProjectLibraries/CSystem/CSystem.o
 .ARM.extab.text._ZN7CSystem26initSystemClockOscExternalEv
                0x000000000800f6bc        0xc ProjectLibraries/CSystem/CSystem.o
 .ARM.extab.text.main
                0x000000000800f6c8        0xc Src/main.o
 .ARM.extab.text._ZN10__cxxabiv111__terminateEPFvvE
                0x000000000800f6d4       0x2c /opt/Atollic_TrueSTUDIO_for_STM32_x86_64_9.3.0/ARMTools/bin/../lib/gcc/arm-atollic-eabi/6.3.1/../../../../arm-atollic-eabi/lib/armv7-m/libstdc++.a(eh_terminate.o)
 .ARM.extab.text._ZN10__cxxabiv112__unexpectedEPFvvE
                0x000000000800f700        0xc /opt/Atollic_TrueSTUDIO_for_STM32_x86_64_9.3.0/ARMTools/bin/../lib/gcc/arm-atollic-eabi/6.3.1/../../../../arm-atollic-eabi/lib/armv7-m/libstdc++.a(eh_terminate.o)
 .ARM.extab.text._ZSt10unexpectedv
                0x000000000800f70c        0xc /opt/Atollic_TrueSTUDIO_for_STM32_x86_64_9.3.0/ARMTools/bin/../lib/gcc/arm-atollic-eabi/6.3.1/../../../../arm-atollic-eabi/lib/armv7-m/libstdc++.a(eh_terminate.o)
 .ARM.extab.text._ZL21base_of_encoded_valuehP15_Unwind_Context
                0x000000000800f718        0xc /opt/Atollic_TrueSTUDIO_for_STM32_x86_64_9.3.0/ARMTools/bin/../lib/gcc/arm-atollic-eabi/6.3.1/../../../../arm-atollic-eabi/lib/armv7-m/libstdc++.a(eh_personality.o)
 .ARM.extab.text.__gxx_personality_v0
                0x000000000800f724       0x20 /opt/Atollic_TrueSTUDIO_for_STM32_x86_64_9.3.0/ARMTools/bin/../lib/gcc/arm-atollic-eabi/6.3.1/../../../../arm-atollic-eabi/lib/armv7-m/libstdc++.a(eh_personality.o)
 .ARM.extab.text._ZN9__gnu_cxx27__verbose_terminate_handlerEv
                0x000000000800f744       0x34 /opt/Atollic_TrueSTUDIO_for_STM32_x86_64_9.3.0/ARMTools/bin/../lib/gcc/arm-atollic-eabi/6.3.1/../../../../arm-atollic-eabi/lib/armv7-m/libstdc++.a(vterminate.o)
 .ARM.extab.text.__cxa_call_unexpected
                0x000000000800f778       0x28 /opt/Atollic_TrueSTUDIO_for_STM32_x86_64_9.3.0/ARMTools/bin/../lib/gcc/arm-atollic-eabi/6.3.1/../../../../arm-atollic-eabi/lib/armv7-m/libstdc++.a(eh_call.o)
 .ARM.extab.text.__cxa_begin_catch
                0x000000000800f7a0        0xc /opt/Atollic_TrueSTUDIO_for_STM32_x86_64_9.3.0/ARMTools/bin/../lib/gcc/arm-atollic-eabi/6.3.1/../../../../arm-atollic-eabi/lib/armv7-m/libstdc++.a(eh_catch.o)
 .ARM.extab     0x000000000800f7ac       0x18 /opt/Atollic_TrueSTUDIO_for_STM32_x86_64_9.3.0/ARMTools/bin/../lib/gcc/arm-atollic-eabi/6.3.1/armv7-m/libgcc.a(pr-support.o)

.ARM            0x000000000800f7c4      0x1b0
                0x000000000800f7c4                __exidx_start = .
 *(.ARM.exidx*)
 .ARM.exidx.text.__NVIC_SystemReset
                0x000000000800f87c        0x0 ProjectLibraries/CSystem/CSystem.o
                                          0x8 (size before relaxing)
 .ARM.exidx.text._ZN7CSystem15initSystemClockENS_14TOscilatorTypeE
                0x000000000800f87c        0x8 ProjectLibraries/CSystem/CSystem.o
 .ARM.exidx.text._ZN7CSystem26initSystemClockOscExternalEv
                0x000000000800f884        0x8 ProjectLibraries/CSystem/CSystem.o
 .ARM.exidx.text._ZN7CSystem26initSystemClockOscInternalEv
                0x000000000800f88c        0x8 ProjectLibraries/CSystem/CSystem.o
 .ARM.exidx.text.PVD_IRQHandler
                0x000000000800f894        0x8 ProjectLibraries/CSystem/CSystem.o
 .ARM.exidx.text.main
                0x000000000800f89c       0x10 Src/main.o
                                          0x8 (size before relaxing)
 .ARM.exidx.text._ZN10__cxxabiv120__si_class_type_infoD2Ev
                0x000000000800f8ac        0x0 /opt/Atollic_TrueSTUDIO_for_STM32_x86_64_9.3.0/ARMTools/bin/../lib/gcc/arm-atollic-eabi/6.3.1/../../../../arm-atollic-eabi/lib/armv7-m/libstdc++.a(si_class_type_info.o)
                                          0x8 (size before relaxing)
 .ARM.exidx.text._ZN10__cxxabiv120__si_class_type_infoD0Ev
                0x000000000800f8ac        0x0 /opt/Atollic_TrueSTUDIO_for_STM32_x86_64_9.3.0/ARMTools/bin/../lib/gcc/arm-atollic-eabi/6.3.1/../../../../arm-atollic-eabi/lib/armv7-m/libstdc++.a(si_class_type_info.o)
                                          0x8 (size before relaxing)
 .ARM.exidx.text._ZNK10__cxxabiv120__si_class_type_info20__do_find_public_srcEiPKvPKNS_17__class_type_infoES2_
                0x000000000800f8ac        0x0 /opt/Atollic_TrueSTUDIO_for_STM32_x86_64_9.3.0/ARMTools/bin/../lib/gcc/arm-atollic-eabi/6.3.1/../../../../arm-atollic-eabi/lib/armv7-m/libstdc++.a(si_class_type_info.o)
                                          0x8 (size before relaxing)
 .ARM.exidx.text._ZNK10__cxxabiv120__si_class_type_info12__do_dyncastEiNS_17__class_type_info10__sub_kindEPKS1_PKvS4_S6_RNS1_16__dyncast_resultE
                0x000000000800f8ac        0x0 /opt/Atollic_TrueSTUDIO_for_STM32_x86_64_9.3.0/ARMTools/bin/../lib/gcc/arm-atollic-eabi/6.3.1/../../../../arm-atollic-eabi/lib/armv7-m/libstdc++.a(si_class_type_info.o)
                                          0x8 (size before relaxing)
 .ARM.exidx.text._ZNK10__cxxabiv120__si_class_type_info11__do_upcastEPKNS_17__class_type_infoEPKvRNS1_15__upcast_resultE
                0x000000000800f8ac        0x8 /opt/Atollic_TrueSTUDIO_for_STM32_x86_64_9.3.0/ARMTools/bin/../lib/gcc/arm-atollic-eabi/6.3.1/../../../../arm-atollic-eabi/lib/armv7-m/libstdc++.a(si_class_type_info.o)
 .ARM.exidx.text._ZdlPv
                0x000000000800f8b4        0x8 /opt/Atollic_TrueSTUDIO_for_STM32_x86_64_9.3.0/ARMTools/bin/../lib/gcc/arm-atollic-eabi/6.3.1/../../../../arm-atollic-eabi/lib/armv7-m/libstdc++.a(del_op.o)
 .ARM.exidx.text._ZN10__cxxabiv111__terminateEPFvvE
                0x000000000800f8bc        0x8 /opt/Atollic_TrueSTUDIO_for_STM32_x86_64_9.3.0/ARMTools/bin/../lib/gcc/arm-atollic-eabi/6.3.1/../../../../arm-atollic-eabi/lib/armv7-m/libstdc++.a(eh_terminate.o)
 .ARM.exidx.text._ZSt9terminatev
                0x000000000800f8c4        0x8 /opt/Atollic_TrueSTUDIO_for_STM32_x86_64_9.3.0/ARMTools/bin/../lib/gcc/arm-atollic-eabi/6.3.1/../../../../arm-atollic-eabi/lib/armv7-m/libstdc++.a(eh_terminate.o)
 .ARM.exidx.text._ZN10__cxxabiv112__unexpectedEPFvvE
                0x000000000800f8cc        0x8 /opt/Atollic_TrueSTUDIO_for_STM32_x86_64_9.3.0/ARMTools/bin/../lib/gcc/arm-atollic-eabi/6.3.1/../../../../arm-atollic-eabi/lib/armv7-m/libstdc++.a(eh_terminate.o)
 .ARM.exidx.text._ZSt10unexpectedv
                0x000000000800f8d4        0x8 /opt/Atollic_TrueSTUDIO_for_STM32_x86_64_9.3.0/ARMTools/bin/../lib/gcc/arm-atollic-eabi/6.3.1/../../../../arm-atollic-eabi/lib/armv7-m/libstdc++.a(eh_terminate.o)
 .ARM.exidx.text._ZSt13get_terminatev
                0x000000000800f8dc        0x8 /opt/Atollic_TrueSTUDIO_for_STM32_x86_64_9.3.0/ARMTools/bin/../lib/gcc/arm-atollic-eabi/6.3.1/../../../../arm-atollic-eabi/lib/armv7-m/libstdc++.a(eh_terminate.o)
 .ARM.exidx.text._ZSt14get_unexpectedv
                0x000000000800f8e4        0x0 /opt/Atollic_TrueSTUDIO_for_STM32_x86_64_9.3.0/ARMTools/bin/../lib/gcc/arm-atollic-eabi/6.3.1/../../../../arm-atollic-eabi/lib/armv7-m/libstdc++.a(eh_terminate.o)
                                          0x8 (size before relaxing)
 .ARM.exidx.text.__cxa_type_match
                0x000000000800f8e4        0x8 /opt/Atollic_TrueSTUDIO_for_STM32_x86_64_9.3.0/ARMTools/bin/../lib/gcc/arm-atollic-eabi/6.3.1/../../../../arm-atollic-eabi/lib/armv7-m/libstdc++.a(eh_arm.o)
 .ARM.exidx.text.__cxa_begin_cleanup
                0x000000000800f8ec        0x8 /opt/Atollic_TrueSTUDIO_for_STM32_x86_64_9.3.0/ARMTools/bin/../lib/gcc/arm-atollic-eabi/6.3.1/../../../../arm-atollic-eabi/lib/armv7-m/libstdc++.a(eh_arm.o)
 .ARM.exidx.text.__gnu_end_cleanup
                0x000000000800f8f4        0x0 /opt/Atollic_TrueSTUDIO_for_STM32_x86_64_9.3.0/ARMTools/bin/../lib/gcc/arm-atollic-eabi/6.3.1/../../../../arm-atollic-eabi/lib/armv7-m/libstdc++.a(eh_arm.o)
                                          0x8 (size before relaxing)
 .ARM.exidx.text._ZL28read_encoded_value_with_basehjPKhPj
                0x000000000800f8f4        0x8 /opt/Atollic_TrueSTUDIO_for_STM32_x86_64_9.3.0/ARMTools/bin/../lib/gcc/arm-atollic-eabi/6.3.1/../../../../arm-atollic-eabi/lib/armv7-m/libstdc++.a(eh_personality.o)
 .ARM.exidx.text._ZL21base_of_encoded_valuehP15_Unwind_Context
                0x000000000800f8fc        0x8 /opt/Atollic_TrueSTUDIO_for_STM32_x86_64_9.3.0/ARMTools/bin/../lib/gcc/arm-atollic-eabi/6.3.1/../../../../arm-atollic-eabi/lib/armv7-m/libstdc++.a(eh_personality.o)
 .ARM.exidx.text._ZL17parse_lsda_headerP15_Unwind_ContextPKhP16lsda_header_info
                0x000000000800f904        0x8 /opt/Atollic_TrueSTUDIO_for_STM32_x86_64_9.3.0/ARMTools/bin/../lib/gcc/arm-atollic-eabi/6.3.1/../../../../arm-atollic-eabi/lib/armv7-m/libstdc++.a(eh_personality.o)
 .ARM.exidx.text.__gxx_personality_v0
                0x000000000800f90c        0x8 /opt/Atollic_TrueSTUDIO_for_STM32_x86_64_9.3.0/ARMTools/bin/../lib/gcc/arm-atollic-eabi/6.3.1/../../../../arm-atollic-eabi/lib/armv7-m/libstdc++.a(eh_personality.o)
 .ARM.exidx.text._ZdlPvj
                0x000000000800f914        0x8 /opt/Atollic_TrueSTUDIO_for_STM32_x86_64_9.3.0/ARMTools/bin/../lib/gcc/arm-atollic-eabi/6.3.1/../../../../arm-atollic-eabi/lib/armv7-m/libstdc++.a(del_ops.o)
 .ARM.exidx.text._ZNK10__cxxabiv117__class_type_info11__do_upcastEPKS0_PPv
                0x000000000800f91c        0x8 /opt/Atollic_TrueSTUDIO_for_STM32_x86_64_9.3.0/ARMTools/bin/../lib/gcc/arm-atollic-eabi/6.3.1/../../../../arm-atollic-eabi/lib/armv7-m/libstdc++.a(class_type_info.o)
 .ARM.exidx.text._ZNK10__cxxabiv117__class_type_info20__do_find_public_srcEiPKvPKS0_S2_
                0x000000000800f924        0x8 /opt/Atollic_TrueSTUDIO_for_STM32_x86_64_9.3.0/ARMTools/bin/../lib/gcc/arm-atollic-eabi/6.3.1/../../../../arm-atollic-eabi/lib/armv7-m/libstdc++.a(class_type_info.o)
 .ARM.exidx.text._ZN10__cxxabiv117__class_type_infoD2Ev
                0x000000000800f92c        0x0 /opt/Atollic_TrueSTUDIO_for_STM32_x86_64_9.3.0/ARMTools/bin/../lib/gcc/arm-atollic-eabi/6.3.1/../../../../arm-atollic-eabi/lib/armv7-m/libstdc++.a(class_type_info.o)
                                          0x8 (size before relaxing)
 .ARM.exidx.text._ZN10__cxxabiv117__class_type_infoD0Ev
                0x000000000800f92c        0x0 /opt/Atollic_TrueSTUDIO_for_STM32_x86_64_9.3.0/ARMTools/bin/../lib/gcc/arm-atollic-eabi/6.3.1/../../../../arm-atollic-eabi/lib/armv7-m/libstdc++.a(class_type_info.o)
                                          0x8 (size before relaxing)
 .ARM.exidx.text._ZNK10__cxxabiv117__class_type_info11__do_upcastEPKS0_PKvRNS0_15__upcast_resultE
                0x000000000800f92c        0x0 /opt/Atollic_TrueSTUDIO_for_STM32_x86_64_9.3.0/ARMTools/bin/../lib/gcc/arm-atollic-eabi/6.3.1/../../../../arm-atollic-eabi/lib/armv7-m/libstdc++.a(class_type_info.o)
                                          0x8 (size before relaxing)
 .ARM.exidx.text._ZNK10__cxxabiv117__class_type_info10__do_catchEPKSt9type_infoPPvj
                0x000000000800f92c        0x0 /opt/Atollic_TrueSTUDIO_for_STM32_x86_64_9.3.0/ARMTools/bin/../lib/gcc/arm-atollic-eabi/6.3.1/../../../../arm-atollic-eabi/lib/armv7-m/libstdc++.a(class_type_info.o)
                                          0x8 (size before relaxing)
 .ARM.exidx.text._ZNK10__cxxabiv117__class_type_info12__do_dyncastEiNS0_10__sub_kindEPKS0_PKvS3_S5_RNS0_16__dyncast_resultE
                0x000000000800f92c        0x0 /opt/Atollic_TrueSTUDIO_for_STM32_x86_64_9.3.0/ARMTools/bin/../lib/gcc/arm-atollic-eabi/6.3.1/../../../../arm-atollic-eabi/lib/armv7-m/libstdc++.a(class_type_info.o)
                                          0x8 (size before relaxing)
 .ARM.exidx.text._ZNSt9type_infoD2Ev