core_cm3.h:1511:22:void __NVIC_EnableIRQ(IRQn_Type)	16	static
core_cm3.h:1639:22:void __NVIC_SetPriority(IRQn_Type, uint32_t)	16	static
core_cm3.h:1762:34:void __NVIC_SystemReset()	4	static
iDelay.h:31:17:IDelayFunctions::~IDelayFunctions()	16	static
iDelay.h:31:17:virtual IDelayFunctions::~IDelayFunctions()	16	static
CSystem.cpp:12:6:virtual void CSystem::CDelayFunctions::delayms(uint16_t)	16	static
CSystem.cpp:17:6:virtual void CSystem::CDelayFunctions::delayus(uint16_t)	16	static
CSystem.cpp:22:6:static void CSystem::initSystemClock(CSystem::TOscilatorType)	48	static
CSystem.cpp:73:10:static uint32_t CSystem::getSystemClockFreq()	4	static
CSystem.cpp:94:6:static bool CSystem::initSystemClockOscExternal()	64	static
CSystem.cpp:120:6:static bool CSystem::initSystemClockOscInternal()	4	static
CSystem.cpp:127:6:static void CSystem::initPeripherialsClock()	32	static
CSystem.cpp:136:6:static void CSystem::initBrownOutDetection()	24	static
CSystem.cpp:151:6:static void CSystem::configureWatchdog(uint16_t)	24	static
CSystem.cpp:164:6:static void CSystem::reloadWatchdog()	8	static
CSystem.cpp:172:6:static void CSystem::reset()	8	static
CSystem.cpp:177:10:static uint32_t CSystem::getTimeSeconds()	16	static
CSystem.cpp:182:10:static uint64_t CSystem::getTimeHSeconds()	16	static
CSystem.cpp:187:10:static uint64_t CSystem::getTimeMiliseconds()	16	static
CSystem.cpp:198:10:static uint64_t CSystem::getTimeMicroseconds()	48	static
CSystem.cpp:205:6:static void CSystem::delayMs(uint32_t)	32	static
CSystem.cpp:212:6:static void CSystem::delayUs(uint32_t)	32	static
CSystem.cpp:219:6:)	4	static
CSystem.cpp:229:6:static void CSystem::vprint(const char*, va_list)	16	static
CSystem.cpp:236:6:)	4	static
CSystem.cpp:247:6:static void CSystem::addInterruptUpdatable(IInterruptUpdatable*)	24	static
CSystem.cpp:259:6:static void CSystem::addFastInterruptUpdatable(IInterruptUpdatable*)	24	static
CSystem.cpp:271:6:static void CSystem::SysTick_Handler()	24	static
CSystem.cpp:302:17:void PVD_IRQHandler()	8	static
CSystem.h:23:11:CSystem::CDelayFunctions::~CDelayFunctions()	16	static
CSystem.h:23:11:virtual CSystem::CDelayFunctions::~CDelayFunctions()	16	static
