Driver.h:34:14:CDriverI2C* Driver::getI2C()	16	static
Driver.h:38:15:CRTCalendar* Driver::getRtc()	16	static
stm32f1xx_it.cpp:7:6:void NMI_Handler()	4	static
stm32f1xx_it.cpp:15:6:void HardFault_Handler()	4	static
stm32f1xx_it.cpp:25:6:void MemManage_Handler()	4	static
stm32f1xx_it.cpp:35:6:void BusFault_Handler()	4	static
stm32f1xx_it.cpp:45:6:void UsageFault_Handler()	4	static
stm32f1xx_it.cpp:55:6:void SVC_Handler()	4	static
stm32f1xx_it.cpp:61:6:void DebugMon_Handler()	4	static
stm32f1xx_it.cpp:68:6:void PendSV_Handler()	4	static
stm32f1xx_it.cpp:75:6:void SysTick_Handler()	8	static
stm32f1xx_it.cpp:81:6:void DMA1_Channel6_IRQHandler()	8	static
stm32f1xx_it.cpp:86:6:void DMA1_Channel7_IRQHandler()	8	static
stm32f1xx_it.cpp:91:6:void RTC_IRQHandler()	16	static
stm32f1xx_it.cpp:102:6:void EXTI15_10_IRQHandler()	8	static
