Driver.h:33:14:CDriverI2C* Driver::getI2C()	16	static
Driver.h:34:15:CRTCalendar* Driver::getRtc()	16	static
stm32f1xx_it.cpp:5:6:void NMI_Handler()	4	static
stm32f1xx_it.cpp:13:6:void HardFault_Handler()	4	static
stm32f1xx_it.cpp:23:6:void MemManage_Handler()	4	static
stm32f1xx_it.cpp:33:6:void BusFault_Handler()	4	static
stm32f1xx_it.cpp:43:6:void UsageFault_Handler()	4	static
stm32f1xx_it.cpp:53:6:void SVC_Handler()	4	static
stm32f1xx_it.cpp:59:6:void DebugMon_Handler()	4	static
stm32f1xx_it.cpp:66:6:void PendSV_Handler()	4	static
stm32f1xx_it.cpp:73:6:void SysTick_Handler()	8	static
stm32f1xx_it.cpp:79:6:void DMA1_Channel6_IRQHandler()	8	static
stm32f1xx_it.cpp:84:6:void DMA1_Channel7_IRQHandler()	8	static
stm32f1xx_it.cpp:89:6:void RTC_IRQHandler()	16	static
